#-----------------------------------------------------------
# Vivado v2024.1 (64-bit)
# SW Build 5076996 on Wed May 22 18:37:14 MDT 2024
# IP Build 5075265 on Wed May 22 21:45:21 MDT 2024
# SharedData Build 5076995 on Wed May 22 18:29:18 MDT 2024
# Start of session at: Sun Nov 16 16:30:18 2025
# Process ID: 39892
# Current directory: C:/Sadat_files/Academics/Current_Term/COMP3601/Project/project_repo/COMP3601_Project_Audio_tuner
# Command line: vivado.exe -gui_launcher_event rodinguilauncherevent752 C:\Sadat_files\Academics\Current_Term\COMP3601\Project\project_repo\COMP3601_Project_Audio_tuner\Lab3.xpr
# Log file: C:/Sadat_files/Academics/Current_Term/COMP3601/Project/project_repo/COMP3601_Project_Audio_tuner/vivado.log
# Journal file: C:/Sadat_files/Academics/Current_Term/COMP3601/Project/project_repo/COMP3601_Project_Audio_tuner\vivado.jou
# Running On        :S-K
# Platform          :Windows Server 2016 or Windows 10
# Operating System  :26100
# Processor Detail  :AMD Ryzen 5 5600H with Radeon Graphics         
# CPU Frequency     :3294 MHz
# CPU Physical cores:6
# CPU Logical cores :12
# Host memory       :14877 MB
# Swap memory       :26843 MB
# Total Virtual     :41720 MB
# Available Virtual :10654 MB
#-----------------------------------------------------------
start_gui
open_project C:/Sadat_files/Academics/Current_Term/COMP3601/Project/project_repo/COMP3601_Project_Audio_tuner/Lab3.xpr
INFO: [ProjectBase 1-489] The host OS only allows 260 characters in a normal path. The project is stored in a path with more than 80 characters. If you experience issues with IP, Block Designs, or files not being found, please consider moving the project to a location with a shorter path. Alternately consider using the OS subst command to map part of the path to a drive letter.
Current project path is 'C:/Sadat_files/Academics/Current_Term/COMP3601/Project/project_repo/COMP3601_Project_Audio_tuner'
WARNING: [Board 49-26] cannot add Board Part xilinx.com:ac701:part0:1.4 available at C:/Xilinx/Vivado/2024.1/data/xhub/boards/XilinxBoardStore/boards/Xilinx/ac701/1.4/board.xml as part xc7a200tfbg676-2 specified in board_part file is either invalid or not available
WARNING: [Board 49-26] cannot add Board Part xilinx.com:kc705:part0:1.6 available at C:/Xilinx/Vivado/2024.1/data/xhub/boards/XilinxBoardStore/boards/Xilinx/kc705/1.6/board.xml as part xc7k325tffg900-2 specified in board_part file is either invalid or not available
WARNING: [Board 49-26] cannot add Board Part xilinx.com:sp701:part0:1.0 available at C:/Xilinx/Vivado/2024.1/data/xhub/boards/XilinxBoardStore/boards/Xilinx/sp701/1.0/board.xml as part xc7s100fgga676-2 specified in board_part file is either invalid or not available
WARNING: [Board 49-26] cannot add Board Part xilinx.com:sp701:part0:1.1 available at C:/Xilinx/Vivado/2024.1/data/xhub/boards/XilinxBoardStore/boards/Xilinx/sp701/1.1/board.xml as part xc7s100fgga676-2 specified in board_part file is either invalid or not available
WARNING: [Board 49-26] cannot add Board Part xilinx.com:vc707:part0:1.4 available at C:/Xilinx/Vivado/2024.1/data/xhub/boards/XilinxBoardStore/boards/Xilinx/vc707/1.4/board.xml as part xc7vx485tffg1761-2 specified in board_part file is either invalid or not available
WARNING: [Board 49-26] cannot add Board Part xilinx.com:vc709:part0:1.8 available at C:/Xilinx/Vivado/2024.1/data/xhub/boards/XilinxBoardStore/boards/Xilinx/vc709/1.8/board.xml as part xc7vx690tffg1761-2 specified in board_part file is either invalid or not available
WARNING: [Board 49-26] cannot add Board Part xilinx.com:vck190:part0:2.2 available at C:/Xilinx/Vivado/2024.1/data/xhub/boards/XilinxBoardStore/boards/Xilinx/vck190/production/2.2/board.xml as part xcvc1902-vsva2197-2mp-e-s specified in board_part file is either invalid or not available
WARNING: [Board 49-26] cannot add Board Part xilinx.com:vck190:part0:3.0 available at C:/Xilinx/Vivado/2024.1/data/xhub/boards/XilinxBoardStore/boards/Xilinx/vck190/production/3.0/board.xml as part xcvc1902-vsva2197-2mp-e-s specified in board_part file is either invalid or not available
WARNING: [Board 49-26] cannot add Board Part xilinx.com:vck190:part0:3.1 available at C:/Xilinx/Vivado/2024.1/data/xhub/boards/XilinxBoardStore/boards/Xilinx/vck190/production/3.1/board.xml as part xcvc1902-vsva2197-2mp-e-s specified in board_part file is either invalid or not available
WARNING: [Board 49-26] cannot add Board Part xilinx.com:vck190:part0:3.2 available at C:/Xilinx/Vivado/2024.1/data/xhub/boards/XilinxBoardStore/boards/Xilinx/vck190/production/3.2/board.xml as part xcvc1902-vsva2197-2mp-e-s specified in board_part file is either invalid or not available
WARNING: [Board 49-26] cannot add Board Part xilinx.com:vck190:part0:3.3 available at C:/Xilinx/Vivado/2024.1/data/xhub/boards/XilinxBoardStore/boards/Xilinx/vck190/production/3.3/board.xml as part xcvc1902-vsva2197-2mp-e-s specified in board_part file is either invalid or not available
WARNING: [Board 49-26] cannot add Board Part xilinx.com:vck190_newl:part0:1.0 available at C:/Xilinx/Vivado/2024.1/data/xhub/boards/XilinxBoardStore/boards/Xilinx/vck190_newl/production/1.0/board.xml as part xcvc1902-vsva2197-2mp-e-s specified in board_part file is either invalid or not available
WARNING: [Board 49-26] cannot add Board Part xilinx.com:vck190_newl:part0:1.1 available at C:/Xilinx/Vivado/2024.1/data/xhub/boards/XilinxBoardStore/boards/Xilinx/vck190_newl/production/1.1/board.xml as part xcvc1902-vsva2197-2mp-e-s specified in board_part file is either invalid or not available
WARNING: [Board 49-26] cannot add Board Part xilinx.com:vck190_newl:part0:1.2 available at C:/Xilinx/Vivado/2024.1/data/xhub/boards/XilinxBoardStore/boards/Xilinx/vck190_newl/production/1.2/board.xml as part xcvc1902-vsva2197-2mp-e-s specified in board_part file is either invalid or not available
WARNING: [Board 49-26] cannot add Board Part xilinx.com:vek280:part0:1.0 available at C:/Xilinx/Vivado/2024.1/data/xhub/boards/XilinxBoardStore/boards/Xilinx/vek280/production/1.0/board.xml as part xcve2802-vsvh1760-2mp-e-s specified in board_part file is either invalid or not available
WARNING: [Board 49-26] cannot add Board Part xilinx.com:vek280:part0:1.1 available at C:/Xilinx/Vivado/2024.1/data/xhub/boards/XilinxBoardStore/boards/Xilinx/vek280/production/1.1/board.xml as part xcve2802-vsvh1760-2mp-e-s specified in board_part file is either invalid or not available
WARNING: [Board 49-26] cannot add Board Part xilinx.com:vek280:part0:1.2 available at C:/Xilinx/Vivado/2024.1/data/xhub/boards/XilinxBoardStore/boards/Xilinx/vek280/production/1.2/board.xml as part xcve2802-vsvh1760-2mp-e-s specified in board_part file is either invalid or not available
WARNING: [Board 49-26] cannot add Board Part xilinx.com:vek280_es:part0:1.0 available at C:/Xilinx/Vivado/2024.1/data/xhub/boards/XilinxBoardStore/boards/Xilinx/vek280/es/rev_a/1.0/board.xml as part xcve2802-vsvh1760-2lp-e-s-es1 specified in board_part file is either invalid or not available
WARNING: [Board 49-26] cannot add Board Part xilinx.com:vek280_es:part0:1.1 available at C:/Xilinx/Vivado/2024.1/data/xhub/boards/XilinxBoardStore/boards/Xilinx/vek280/es/rev_a/1.1/board.xml as part xcve2802-vsvh1760-2lp-e-s-es1 specified in board_part file is either invalid or not available
WARNING: [Board 49-26] cannot add Board Part xilinx.com:vek280_es_revb:part0:1.0 available at C:/Xilinx/Vivado/2024.1/data/xhub/boards/XilinxBoardStore/boards/Xilinx/vek280/es/rev_b/1.0/board.xml as part xcve2802-vsvh1760-2mp-e-s-es1 specified in board_part file is either invalid or not available
WARNING: [Board 49-26] cannot add Board Part xilinx.com:vek280_es_revb:part0:1.1 available at C:/Xilinx/Vivado/2024.1/data/xhub/boards/XilinxBoardStore/boards/Xilinx/vek280/es/rev_b/1.1/board.xml as part xcve2802-vsvh1760-2mp-e-s-es1 specified in board_part file is either invalid or not available
WARNING: [Board 49-26] cannot add Board Part xilinx.com:vhk158:part0:1.0 available at C:/Xilinx/Vivado/2024.1/data/xhub/boards/XilinxBoardStore/boards/Xilinx/vhk158/production/1.0/board.xml as part xcvh1582-vsva3697-2mp-e-s specified in board_part file is either invalid or not available
WARNING: [Board 49-26] cannot add Board Part xilinx.com:vhk158:part0:1.1 available at C:/Xilinx/Vivado/2024.1/data/xhub/boards/XilinxBoardStore/boards/Xilinx/vhk158/production/1.1/board.xml as part xcvh1582-vsva3697-2mp-e-s specified in board_part file is either invalid or not available
WARNING: [Board 49-26] cannot add Board Part xilinx.com:vhk158_es:part0:1.0 available at C:/Xilinx/Vivado/2024.1/data/xhub/boards/XilinxBoardStore/boards/Xilinx/vhk158/es/1.0/board.xml as part xcvh1582-vsva3697-2mp-e-s-es1 specified in board_part file is either invalid or not available
WARNING: [Board 49-26] cannot add Board Part xilinx.com:vhk158_es:part0:1.1 available at C:/Xilinx/Vivado/2024.1/data/xhub/boards/XilinxBoardStore/boards/Xilinx/vhk158/es/1.1/board.xml as part xcvh1582-vsva3697-2mp-e-s-es1 specified in board_part file is either invalid or not available
WARNING: [Board 49-26] cannot add Board Part xilinx.com:vmk180:part0:2.2 available at C:/Xilinx/Vivado/2024.1/data/xhub/boards/XilinxBoardStore/boards/Xilinx/vmk180/production/2.2/board.xml as part xcvm1802-vsva2197-2mp-e-s specified in board_part file is either invalid or not available
WARNING: [Board 49-26] cannot add Board Part xilinx.com:vmk180:part0:3.0 available at C:/Xilinx/Vivado/2024.1/data/xhub/boards/XilinxBoardStore/boards/Xilinx/vmk180/production/3.0/board.xml as part xcvm1802-vsva2197-2mp-e-s specified in board_part file is either invalid or not available
WARNING: [Board 49-26] cannot add Board Part xilinx.com:vmk180:part0:3.1 available at C:/Xilinx/Vivado/2024.1/data/xhub/boards/XilinxBoardStore/boards/Xilinx/vmk180/production/3.1/board.xml as part xcvm1802-vsva2197-2mp-e-s specified in board_part file is either invalid or not available
WARNING: [Board 49-26] cannot add Board Part xilinx.com:vmk180:part0:3.2 available at C:/Xilinx/Vivado/2024.1/data/xhub/boards/XilinxBoardStore/boards/Xilinx/vmk180/production/3.2/board.xml as part xcvm1802-vsva2197-2mp-e-s specified in board_part file is either invalid or not available
WARNING: [Board 49-26] cannot add Board Part xilinx.com:vmk180_newl:part0:1.0 available at C:/Xilinx/Vivado/2024.1/data/xhub/boards/XilinxBoardStore/boards/Xilinx/vmk180_newl/production/1.0/board.xml as part xcvm1802-vsva2197-2mp-e-s specified in board_part file is either invalid or not available
WARNING: [Board 49-26] cannot add Board Part xilinx.com:vmk180_newl:part0:1.1 available at C:/Xilinx/Vivado/2024.1/data/xhub/boards/XilinxBoardStore/boards/Xilinx/vmk180_newl/production/1.1/board.xml as part xcvm1802-vsva2197-2mp-e-s specified in board_part file is either invalid or not available
WARNING: [Board 49-26] cannot add Board Part xilinx.com:vpk120:part0:1.0 available at C:/Xilinx/Vivado/2024.1/data/xhub/boards/XilinxBoardStore/boards/Xilinx/vpk120/production/1.0/board.xml as part xcvp1202-vsva2785-2mp-e-s specified in board_part file is either invalid or not available
WARNING: [Board 49-26] cannot add Board Part xilinx.com:vpk120:part0:1.1 available at C:/Xilinx/Vivado/2024.1/data/xhub/boards/XilinxBoardStore/boards/Xilinx/vpk120/production/1.1/board.xml as part xcvp1202-vsva2785-2mp-e-s specified in board_part file is either invalid or not available
WARNING: [Board 49-26] cannot add Board Part xilinx.com:vpk120:part0:1.2 available at C:/Xilinx/Vivado/2024.1/data/xhub/boards/XilinxBoardStore/boards/Xilinx/vpk120/production/1.2/board.xml as part xcvp1202-vsva2785-2mp-e-s specified in board_part file is either invalid or not available
WARNING: [Board 49-26] cannot add Board Part xilinx.com:vpk180:part0:1.0 available at C:/Xilinx/Vivado/2024.1/data/xhub/boards/XilinxBoardStore/boards/Xilinx/vpk180/production/1.0/board.xml as part xcvp1802-lsvc4072-2mp-e-s specified in board_part file is either invalid or not available
WARNING: [Board 49-26] cannot add Board Part xilinx.com:vpk180:part0:1.1 available at C:/Xilinx/Vivado/2024.1/data/xhub/boards/XilinxBoardStore/boards/Xilinx/vpk180/production/1.1/board.xml as part xcvp1802-lsvc4072-2mp-e-s specified in board_part file is either invalid or not available
WARNING: [Board 49-26] cannot add Board Part xilinx.com:vpk180:part0:1.2 available at C:/Xilinx/Vivado/2024.1/data/xhub/boards/XilinxBoardStore/boards/Xilinx/vpk180/production/1.2/board.xml as part xcvp1802-lsvc4072-2mp-e-s specified in board_part file is either invalid or not available
WARNING: [Board 49-26] cannot add Board Part xilinx.com:zcu208ld:part0:2.0 available at C:/Xilinx/Vivado/2024.1/data/xhub/boards/XilinxBoardStore/boards/Xilinx/zcu208ld/production/2.0/board.xml as part xczu58dr-fsvg1517-2-i specified in board_part file is either invalid or not available
WARNING: [Board 49-26] cannot add Board Part xilinx.com:zcu216ld:part0:2.0 available at C:/Xilinx/Vivado/2024.1/data/xhub/boards/XilinxBoardStore/boards/Xilinx/zcu216ld/production/2.0/board.xml as part xczu59dr-ffvf1760-2-i specified in board_part file is either invalid or not available
WARNING: [Board 49-26] cannot add Board Part xilinx.com:zcu670ld:part0:1.0 available at C:/Xilinx/Vivado/2024.1/data/xhub/boards/XilinxBoardStore/boards/Xilinx/zcu670ld/1.0/board.xml as part xczu57dr-fsve1156-2-i specified in board_part file is either invalid or not available
INFO: [Project 1-313] Project file moved from '/home/benh/Desktop/comp3601_labs/COMP3601_Project_Audio_tuner' since last save.
Scanning sources...
Finished scanning sources
INFO: [IP_Flow 19-234] Refreshing IP repositories
INFO: [IP_Flow 19-1704] No user IP repositories specified
INFO: [IP_Flow 19-2313] Loaded Vivado IP repository 'C:/Xilinx/Vivado/2024.1/data/ip'.
opopen_project: Time (s): cpu = 00:00:44 ; elapsed = 00:00:25 . Memory (MB): peak = 1597.348 ; gain = 505.97exupdate_compile_order -fileset sources_1
open_bd_design {C:/Sadat_files/Academics/Current_Term/COMP3601/Project/project_repo/COMP3601_Project_Audio_tuner/Lab3.srcs/sources_1/bd/design_1/design_1.bd}
Reading block design file <C:/Sadat_files/Academics/Current_Term/COMP3601/Project/project_repo/COMP3601_Project_Audio_tuner/Lab3.srcs/sources_1/bd/design_1/design_1.bd>...
Adding component instance block -- xilinx.com:ip:zynq_ultra_ps_e:3.5 - zynq_ultra_ps_e_0
Adding component instance block -- xilinx.com:ip:axi_dma:7.1 - axi_dma_0
Adding component instance block -- xilinx.com:module_ref:audio_pipeline:1.0 - audio_pipeline_0
Adding component instance block -- xilinx.com:ip:axi_interconnect:2.1 - ps8_0_axi_periph
Adding component instance block -- xilinx.com:ip:axi_crossbar:2.1 - xbar
Adding component instance block -- xilinx.com:ip:axi_dwidth_converter:2.1 - auto_ds
Adding component instance block -- xilinx.com:ip:axi_protocol_converter:2.1 - auto_pc
Adding component instance block -- xilinx.com:ip:proc_sys_reset:5.0 - rst_ps8_0_99M
Adding component instance block -- xilinx.com:ip:smartconnect:1.0 - axi_smc
Adding component instance block -- xilinx.com:module_ref:axi_gpio:1.0 - axi_gpio_0
Excluding slave segment /zynq_ultra_ps_e_0/SAXIGP0/HPC0_DDR_HIGH from address space /axi_dma_0/Data_S2MM.
Excluding slave segment /zynq_ultra_ps_e_0/SAXIGP0/HPC0_LPS_OCM from address space /axi_dma_0/Data_S2MM.
Successfully read diagram <design_1> from block design file <C:/Sadat_files/Academics/Current_Term/COMP3601/Project/project_repo/COMP3601_Project_Audio_tuner/Lab3.srcs/sources_1/bd/design_1/design_1.bd>
open_bd_design: Time (s): cpu = 00:00:10 ; elapsed = 00:00:11 . Memory (MB): peak = 1768.824 ; gain = 152.176
startgroup
set_property CONFIG.c_include_mm2s {1} [get_bd_cells axi_dma_0]
endgroup
file mkdir C:/Sadat_files/Academics/Current_Term/COMP3601/Project/project_repo/COMP3601_Project_Audio_tuner/Lab3.srcs/sources_1/new
close [ open C:/Sadat_files/Academics/Current_Term/COMP3601/Project/project_repo/COMP3601_Project_Audio_tuner/Lab3.srcs/sources_1/new/amplifier_pipeline.v w ]
add_files C:/Sadat_files/Academics/Current_Term/COMP3601/Project/project_repo/COMP3601_Project_Audio_tuner/Lab3.srcs/sources_1/new/amplifier_pipeline.v
close [ open C:/Sadat_files/Academics/Current_Term/COMP3601/Project/project_repo/COMP3601_Project_Audio_tuner/Lab3.srcs/sources_1/new/i2s_transmitter.v w ]
add_files C:/Sadat_files/Academics/Current_Term/COMP3601/Project/project_repo/COMP3601_Project_Audio_tuner/Lab3.srcs/sources_1/new/i2s_transmitter.v
update_compile_order -fileset sources_1
set_property location {4 1389 314} [get_bd_cells zynq_ultra_ps_e_0]
set_property location {5 1861 370} [get_bd_cells ps8_0_axi_periph]
set_property location {5 1882 376} [get_bd_cells ps8_0_axi_periph]
set_property location {6 2216 47} [get_bd_cells audio_pipeline_0]
set_property location {5 1812 58} [get_bd_cells axi_dma_0]
set_property location {5.5 2584 264} [get_bd_cells axi_dma_0]
set_property location {6 2612 585} [get_bd_cells axi_gpio_0]
WARNING: [filemgmt 56-199] Attempt to get parsing info during refresh. "On-the-fly" syntax checking information may be incorrect. [C:\Sadat_files\Academics\Current_Term\COMP3601\Project\project_repo\COMP3601_Project_Audio_tuner\Lab3.srcs\sources_1\new\amplifier_pipeline.v:]
WARNING: [filemgmt 56-199] Attempt to get parsing info during refresh. "On-the-fly" syntax checking information may be incorrect. [C:\Sadat_files\Academics\Current_Term\COMP3601\Project\project_repo\COMP3601_Project_Audio_tuner\Lab3.srcs\sources_1\imports\IBR_Resources\audio_pipeline.vhd:]
WARNING: [filemgmt 56-199] Attempt to get parsing info during refresh. "On-the-fly" syntax checking information may be incorrect. [C:\Sadat_files\Academics\Current_Term\COMP3601\Project\project_repo\COMP3601_Project_Audio_tuner\Lab3.gen\sources_1\bd\design_1\hdl\design_1_wrapper.v:]
WARNING: [filemgmt 56-199] Attempt to get parsing info during refresh. "On-the-fly" syntax checking information may be incorrect. [C:\Sadat_files\Academics\Current_Term\COMP3601\Project\project_repo\COMP3601_Project_Audio_tuner\Lab3.srcs\sources_1\imports\IBR_Resources\audio_pipeline.vhd:]
WARNING: [filemgmt 56-199] Attempt to get parsing info during refresh. "On-the-fly" syntax checking information may be incorrect. [C:\Sadat_files\Academics\Current_Term\COMP3601\Project\project_repo\COMP3601_Project_Audio_tuner\Lab3.srcs\sources_1\imports\IBR_Resources\audio_pipeline.vhd:]
WARNING: [filemgmt 56-199] Attempt to get parsing info during refresh. "On-the-fly" syntax checking information may be incorrect. [C:\Sadat_files\Academics\Current_Term\COMP3601\Project\project_repo\COMP3601_Project_Audio_tuner\Lab3.srcs\sources_1\new\amplifier_pipeline.v:]
WARNING: [filemgmt 56-199] Attempt to get parsing info during refresh. "On-the-fly" syntax checking information may be incorrect. [C:\Sadat_files\Academics\Current_Term\COMP3601\Project\project_repo\COMP3601_Project_Audio_tuner\Lab3.srcs\sources_1\imports\IBR_Resources\audio_pipeline.vhd:]
WARNING: [filemgmt 56-199] Attempt to get parsing info during refresh. "On-the-fly" syntax checking information may be incorrect. [C:\Sadat_files\Academics\Current_Term\COMP3601\Project\project_repo\COMP3601_Project_Audio_tuner\Lab3.gen\sources_1\bd\design_1\hdl\design_1_wrapper.v:]
WARNING: [filemgmt 56-199] Attempt to get parsing info during refresh. "On-the-fly" syntax checking information may be incorrect. [C:\Sadat_files\Academics\Current_Term\COMP3601\Project\project_repo\COMP3601_Project_Audio_tuner\Lab3.srcs\sources_1\new\amplifier_pipeline.v:]
WARNING: [filemgmt 56-199] Attempt to get parsing info during refresh. "On-the-fly" syntax checking information may be incorrect. [C:\Sadat_files\Academics\Current_Term\COMP3601\Project\project_repo\COMP3601_Project_Audio_tuner\Lab3.srcs\sources_1\new\amplifier_pipeline.v:]
WARNING: [filemgmt 56-199] Attempt to get parsing info during refresh. "On-the-fly" syntax checking information may be incorrect. [C:\Sadat_files\Academics\Current_Term\COMP3601\Project\project_repo\COMP3601_Project_Audio_tuner\Lab3.srcs\sources_1\new\amplifier_pipeline.v:]
WARNING: [filemgmt 56-199] Attempt to get parsing info during refresh. "On-the-fly" syntax checking information may be incorrect. [C:\Sadat_files\Academics\Current_Term\COMP3601\Project\project_repo\COMP3601_Project_Audio_tuner\Lab3.srcs\sources_1\imports\IBR_Resources\audio_pipeline.vhd:]
WARNING: [filemgmt 56-199] Attempt to get parsing info during refresh. "On-the-fly" syntax checking information may be incorrect. [C:\Sadat_files\Academics\Current_Term\COMP3601\Project\project_repo\COMP3601_Project_Audio_tuner\Lab3.gen\sources_1\bd\design_1\hdl\design_1_wrapper.v:]
WARNING: [filemgmt 56-199] Attempt to get parsing info during refresh. "On-the-fly" syntax checking information may be incorrect. [C:\Sadat_files\Academics\Current_Term\COMP3601\Project\project_repo\COMP3601_Project_Audio_tuner\Lab3.srcs\sources_1\imports\IBR_Resources\audio_pipeline.vhd:]
WARNING: [filemgmt 56-199] Attempt to get parsing info during refresh. "On-the-fly" syntax checking information may be incorrect. [C:\Sadat_files\Academics\Current_Term\COMP3601\Project\project_repo\COMP3601_Project_Audio_tuner\Lab3.srcs\sources_1\imports\IBR_Resources\audio_pipeline.vhd:]
WARNING: [filemgmt 56-199] Attempt to get parsing info during refresh. "On-the-fly" syntax checking information may be incorrect. [C:\Sadat_files\Academics\Current_Term\COMP3601\Project\project_repo\COMP3601_Project_Audio_tuner\Lab3.srcs\sources_1\new\amplifier_pipeline.v:]
WARNING: [filemgmt 56-199] Attempt to get parsing info during refresh. "On-the-fly" syntax checking information may be incorrect. [C:\Sadat_files\Academics\Current_Term\COMP3601\Project\project_repo\COMP3601_Project_Audio_tuner\Lab3.srcs\sources_1\imports\IBR_Resources\audio_pipeline.vhd:]
WARNING: [filemgmt 56-199] Attempt to get parsing info during refresh. "On-the-fly" syntax checking information may be incorrect. [C:\Sadat_files\Academics\Current_Term\COMP3601\Project\project_repo\COMP3601_Project_Audio_tuner\Lab3.gen\sources_1\bd\design_1\hdl\design_1_wrapper.v:]
WARNING: [filemgmt 56-199] Attempt to get parsing info during refresh. "On-the-fly" syntax checking information may be incorrect. [C:\Sadat_files\Academics\Current_Term\COMP3601\Project\project_repo\COMP3601_Project_Audio_tuner\Lab3.srcs\sources_1\new\amplifier_pipeline.v:]
WARNING: [filemgmt 56-199] Attempt to get parsing info during refresh. "On-the-fly" syntax checking information may be incorrect. [C:\Sadat_files\Academics\Current_Term\COMP3601\Project\project_repo\COMP3601_Project_Audio_tuner\Lab3.srcs\sources_1\new\amplifier_pipeline.v:]
WARNING: [filemgmt 56-199] Attempt to get parsing info during refresh. "On-the-fly" syntax checking information may be incorrect. [C:\Sadat_files\Academics\Current_Term\COMP3601\Project\project_repo\COMP3601_Project_Audio_tuner\Lab3.srcs\sources_1\new\amplifier_pipeline.v:]
WARNING: [filemgmt 56-199] Attempt to get parsing info during refresh. "On-the-fly" syntax checking information may be incorrect. [C:\Sadat_files\Academics\Current_Term\COMP3601\Project\project_repo\COMP3601_Project_Audio_tuner\Lab3.srcs\sources_1\imports\IBR_Resources\audio_pipeline.vhd:]
WARNING: [filemgmt 56-199] Attempt to get parsing info during refresh. "On-the-fly" syntax checking information may be incorrect. [C:\Sadat_files\Academics\Current_Term\COMP3601\Project\project_repo\COMP3601_Project_Audio_tuner\Lab3.srcs\sources_1\new\i2s_transmitter.v:]
WARNING: [filemgmt 56-199] Attempt to get parsing info during refresh. "On-the-fly" syntax checking information may be incorrect. [C:\Sadat_files\Academics\Current_Term\COMP3601\Project\project_repo\COMP3601_Project_Audio_tuner\Lab3.gen\sources_1\bd\design_1\hdl\design_1_wrapper.v:]
WARNING: [filemgmt 56-199] Attempt to get parsing info during refresh. "On-the-fly" syntax checking information may be incorrect. [C:\Sadat_files\Academics\Current_Term\COMP3601\Project\project_repo\COMP3601_Project_Audio_tuner\Lab3.srcs\sources_1\imports\IBR_Resources\audio_pipeline.vhd:]
WARNING: [filemgmt 56-199] Attempt to get parsing info during refresh. "On-the-fly" syntax checking information may be incorrect. [C:\Sadat_files\Academics\Current_Term\COMP3601\Project\project_repo\COMP3601_Project_Audio_tuner\Lab3.srcs\sources_1\imports\IBR_Resources\audio_pipeline.vhd:]
WARNING: [filemgmt 56-199] Attempt to get parsing info during refresh. "On-the-fly" syntax checking information may be incorrect. [C:\Sadat_files\Academics\Current_Term\COMP3601\Project\project_repo\COMP3601_Project_Audio_tuner\Lab3.srcs\sources_1\new\amplifier_pipeline.v:]
WARNING: [filemgmt 56-199] Attempt to get parsing info during refresh. "On-the-fly" syntax checking information may be incorrect. [C:\Sadat_files\Academics\Current_Term\COMP3601\Project\project_repo\COMP3601_Project_Audio_tuner\Lab3.srcs\sources_1\imports\IBR_Resources\audio_pipeline.vhd:]
WARNING: [filemgmt 56-199] Attempt to get parsing info during refresh. "On-the-fly" syntax checking information may be incorrect. [C:\Sadat_files\Academics\Current_Term\COMP3601\Project\project_repo\COMP3601_Project_Audio_tuner\Lab3.srcs\sources_1\new\i2s_transmitter.v:]
WARNING: [filemgmt 56-199] Attempt to get parsing info during refresh. "On-the-fly" syntax checking information may be incorrect. [C:\Sadat_files\Academics\Current_Term\COMP3601\Project\project_repo\COMP3601_Project_Audio_tuner\Lab3.gen\sources_1\bd\design_1\hdl\design_1_wrapper.v:]
WARNING: [filemgmt 56-199] Attempt to get parsing info during refresh. "On-the-fly" syntax checking information may be incorrect. [C:\Sadat_files\Academics\Current_Term\COMP3601\Project\project_repo\COMP3601_Project_Audio_tuner\Lab3.srcs\sources_1\new\i2s_transmitter.v:]
WARNING: [filemgmt 56-199] Attempt to get parsing info during refresh. "On-the-fly" syntax checking information may be incorrect. [C:\Sadat_files\Academics\Current_Term\COMP3601\Project\project_repo\COMP3601_Project_Audio_tuner\Lab3.srcs\sources_1\new\i2s_transmitter.v:]
ERROR: [Common 17-180] Spawn failed: No error
WARNING: [filemgmt 56-199] Attempt to get parsing info during refresh. "On-the-fly" syntax checking information may be incorrect. [C:\Sadat_files\Academics\Current_Term\COMP3601\Project\project_repo\COMP3601_Project_Audio_tuner\Lab3.srcs\sources_1\new\amplifier_pipeline.v:]
WARNING: [filemgmt 56-199] Attempt to get parsing info during refresh. "On-the-fly" syntax checking information may be incorrect. [C:\Sadat_files\Academics\Current_Term\COMP3601\Project\project_repo\COMP3601_Project_Audio_tuner\Lab3.srcs\sources_1\imports\IBR_Resources\audio_pipeline.vhd:]
WARNING: [filemgmt 56-199] Attempt to get parsing info during refresh. "On-the-fly" syntax checking information may be incorrect. [C:\Sadat_files\Academics\Current_Term\COMP3601\Project\project_repo\COMP3601_Project_Audio_tuner\Lab3.srcs\sources_1\new\i2s_transmitter.v:]
WARNING: [filemgmt 56-199] Attempt to get parsing info during refresh. "On-the-fly" syntax checking information may be incorrect. [C:\Sadat_files\Academics\Current_Term\COMP3601\Project\project_repo\COMP3601_Project_Audio_tuner\Lab3.gen\sources_1\bd\design_1\hdl\design_1_wrapper.v:]
WARNING: [filemgmt 56-199] Attempt to get parsing info during refresh. "On-the-fly" syntax checking information may be incorrect. [C:\Sadat_files\Academics\Current_Term\COMP3601\Project\project_repo\COMP3601_Project_Audio_tuner\Lab3.srcs\sources_1\new\amplifier_pipeline.v:]
WARNING: [filemgmt 56-199] Attempt to get parsing info during refresh. "On-the-fly" syntax checking information may be incorrect. [C:\Sadat_files\Academics\Current_Term\COMP3601\Project\project_repo\COMP3601_Project_Audio_tuner\Lab3.srcs\sources_1\new\amplifier_pipeline.v:]
ERROR: [Common 17-180] Spawn failed: No error
WARNING: [filemgmt 56-199] Attempt to get parsing info during refresh. "On-the-fly" syntax checking information may be incorrect. [C:\Sadat_files\Academics\Current_Term\COMP3601\Project\project_repo\COMP3601_Project_Audio_tuner\Lab3.srcs\sources_1\new\amplifier_pipeline.v:]
WARNING: [filemgmt 56-199] Attempt to get parsing info during refresh. "On-the-fly" syntax checking information may be incorrect. [C:\Sadat_files\Academics\Current_Term\COMP3601\Project\project_repo\COMP3601_Project_Audio_tuner\Lab3.srcs\sources_1\imports\IBR_Resources\audio_pipeline.vhd:]
WARNING: [filemgmt 56-199] Attempt to get parsing info during refresh. "On-the-fly" syntax checking information may be incorrect. [C:\Sadat_files\Academics\Current_Term\COMP3601\Project\project_repo\COMP3601_Project_Audio_tuner\Lab3.srcs\sources_1\new\i2s_transmitter.v:]
WARNING: [filemgmt 56-199] Attempt to get parsing info during refresh. "On-the-fly" syntax checking information may be incorrect. [C:\Sadat_files\Academics\Current_Term\COMP3601\Project\project_repo\COMP3601_Project_Audio_tuner\Lab3.gen\sources_1\bd\design_1\hdl\design_1_wrapper.v:]
WARNING: [filemgmt 56-199] Attempt to get parsing info during refresh. "On-the-fly" syntax checking information may be incorrect. [C:\Sadat_files\Academics\Current_Term\COMP3601\Project\project_repo\COMP3601_Project_Audio_tuner\Lab3.srcs\sources_1\imports\IBR_Resources\audio_pipeline.vhd:]
WARNING: [filemgmt 56-199] Attempt to get parsing info during refresh. "On-the-fly" syntax checking information may be incorrect. [C:\Sadat_files\Academics\Current_Term\COMP3601\Project\project_repo\COMP3601_Project_Audio_tuner\Lab3.srcs\sources_1\imports\IBR_Resources\audio_pipeline.vhd:]
WARNING: [filemgmt 56-199] Attempt to get parsing info during refresh. "On-the-fly" syntax checking information may be incorrect. [C:\Sadat_files\Academics\Current_Term\COMP3601\Project\project_repo\COMP3601_Project_Audio_tuner\Lab3.srcs\sources_1\new\amplifier_pipeline.v:]
WARNING: [filemgmt 56-199] Attempt to get parsing info during refresh. "On-the-fly" syntax checking information may be incorrect. [C:\Sadat_files\Academics\Current_Term\COMP3601\Project\project_repo\COMP3601_Project_Audio_tuner\Lab3.srcs\sources_1\imports\IBR_Resources\audio_pipeline.vhd:]
WARNING: [filemgmt 56-199] Attempt to get parsing info during refresh. "On-the-fly" syntax checking information may be incorrect. [C:\Sadat_files\Academics\Current_Term\COMP3601\Project\project_repo\COMP3601_Project_Audio_tuner\Lab3.srcs\sources_1\new\i2s_transmitter.v:]
WARNING: [filemgmt 56-199] Attempt to get parsing info during refresh. "On-the-fly" syntax checking information may be incorrect. [C:\Sadat_files\Academics\Current_Term\COMP3601\Project\project_repo\COMP3601_Project_Audio_tuner\Lab3.gen\sources_1\bd\design_1\hdl\design_1_wrapper.v:]
WARNING: [filemgmt 56-199] Attempt to get parsing info during refresh. "On-the-fly" syntax checking information may be incorrect. [C:\Sadat_files\Academics\Current_Term\COMP3601\Project\project_repo\COMP3601_Project_Audio_tuner\Lab3.srcs\sources_1\new\i2s_transmitter.v:]
WARNING: [filemgmt 56-199] Attempt to get parsing info during refresh. "On-the-fly" syntax checking information may be incorrect. [C:\Sadat_files\Academics\Current_Term\COMP3601\Project\project_repo\COMP3601_Project_Audio_tuner\Lab3.srcs\sources_1\new\i2s_transmitter.v:]
ERROR: [Common 17-180] Spawn failed: No error
ERROR: [Common 17-180] Spawn failed: No error
WARNING: [filemgmt 56-199] Attempt to get parsing info during refresh. "On-the-fly" syntax checking information may be incorrect. [C:\Sadat_files\Academics\Current_Term\COMP3601\Project\project_repo\COMP3601_Project_Audio_tuner\Lab3.srcs\sources_1\new\amplifier_pipeline.v:]
WARNING: [filemgmt 56-199] Attempt to get parsing info during refresh. "On-the-fly" syntax checking information may be incorrect. [C:\Sadat_files\Academics\Current_Term\COMP3601\Project\project_repo\COMP3601_Project_Audio_tuner\Lab3.srcs\sources_1\imports\IBR_Resources\audio_pipeline.vhd:]
WARNING: [filemgmt 56-199] Attempt to get parsing info during refresh. "On-the-fly" syntax checking information may be incorrect. [C:\Sadat_files\Academics\Current_Term\COMP3601\Project\project_repo\COMP3601_Project_Audio_tuner\Lab3.srcs\sources_1\new\i2s_transmitter.v:]
WARNING: [filemgmt 56-199] Attempt to get parsing info during refresh. "On-the-fly" syntax checking information may be incorrect. [C:\Sadat_files\Academics\Current_Term\COMP3601\Project\project_repo\COMP3601_Project_Audio_tuner\Lab3.gen\sources_1\bd\design_1\hdl\design_1_wrapper.v:]
WARNING: [filemgmt 56-199] Attempt to get parsing info during refresh. "On-the-fly" syntax checking information may be incorrect. [C:\Sadat_files\Academics\Current_Term\COMP3601\Project\project_repo\COMP3601_Project_Audio_tuner\Lab3.srcs\sources_1\imports\IBR_Resources\audio_pipeline.vhd:]
WARNING: [filemgmt 56-199] Attempt to get parsing info during refresh. "On-the-fly" syntax checking information may be incorrect. [C:\Sadat_files\Academics\Current_Term\COMP3601\Project\project_repo\COMP3601_Project_Audio_tuner\Lab3.srcs\sources_1\imports\IBR_Resources\audio_pipeline.vhd:]
WARNING: [filemgmt 56-199] Attempt to get parsing info during refresh. "On-the-fly" syntax checking information may be incorrect. [C:\Sadat_files\Academics\Current_Term\COMP3601\Project\project_repo\COMP3601_Project_Audio_tuner\Lab3.srcs\sources_1\new\amplifier_pipeline.v:]
WARNING: [filemgmt 56-199] Attempt to get parsing info during refresh. "On-the-fly" syntax checking information may be incorrect. [C:\Sadat_files\Academics\Current_Term\COMP3601\Project\project_repo\COMP3601_Project_Audio_tuner\Lab3.srcs\sources_1\imports\IBR_Resources\audio_pipeline.vhd:]
WARNING: [filemgmt 56-199] Attempt to get parsing info during refresh. "On-the-fly" syntax checking information may be incorrect. [C:\Sadat_files\Academics\Current_Term\COMP3601\Project\project_repo\COMP3601_Project_Audio_tuner\Lab3.srcs\sources_1\new\i2s_transmitter.v:]
WARNING: [filemgmt 56-199] Attempt to get parsing info during refresh. "On-the-fly" syntax checking information may be incorrect. [C:\Sadat_files\Academics\Current_Term\COMP3601\Project\project_repo\COMP3601_Project_Audio_tuner\Lab3.gen\sources_1\bd\design_1\hdl\design_1_wrapper.v:]
WARNING: [filemgmt 56-199] Attempt to get parsing info during refresh. "On-the-fly" syntax checking information may be incorrect. [C:\Sadat_files\Academics\Current_Term\COMP3601\Project\project_repo\COMP3601_Project_Audio_tuner\Lab3.srcs\sources_1\new\i2s_transmitter.v:]
WARNING: [filemgmt 56-199] Attempt to get parsing info during refresh. "On-the-fly" syntax checking information may be incorrect. [C:\Sadat_files\Academics\Current_Term\COMP3601\Project\project_repo\COMP3601_Project_Audio_tuner\Lab3.srcs\sources_1\new\i2s_transmitter.v:]
ERROR: [Common 17-180] Spawn failed: No error
WARNING: [filemgmt 56-199] Attempt to get parsing info during refresh. "On-the-fly" syntax checking information may be incorrect. [C:\Sadat_files\Academics\Current_Term\COMP3601\Project\project_repo\COMP3601_Project_Audio_tuner\Lab3.srcs\sources_1\new\amplifier_pipeline.v:]
WARNING: [filemgmt 56-199] Attempt to get parsing info during refresh. "On-the-fly" syntax checking information may be incorrect. [C:\Sadat_files\Academics\Current_Term\COMP3601\Project\project_repo\COMP3601_Project_Audio_tuner\Lab3.srcs\sources_1\imports\IBR_Resources\audio_pipeline.vhd:]
WARNING: [filemgmt 56-199] Attempt to get parsing info during refresh. "On-the-fly" syntax checking information may be incorrect. [C:\Sadat_files\Academics\Current_Term\COMP3601\Project\project_repo\COMP3601_Project_Audio_tuner\Lab3.srcs\sources_1\new\i2s_transmitter.v:]
WARNING: [filemgmt 56-199] Attempt to get parsing info during refresh. "On-the-fly" syntax checking information may be incorrect. [C:\Sadat_files\Academics\Current_Term\COMP3601\Project\project_repo\COMP3601_Project_Audio_tuner\Lab3.gen\sources_1\bd\design_1\hdl\design_1_wrapper.v:]
WARNING: [filemgmt 56-199] Attempt to get parsing info during refresh. "On-the-fly" syntax checking information may be incorrect. [C:\Sadat_files\Academics\Current_Term\COMP3601\Project\project_repo\COMP3601_Project_Audio_tuner\Lab3.gen\sources_1\bd\design_1\hdl\design_1_wrapper.v:]
WARNING: [filemgmt 56-199] Attempt to get parsing info during refresh. "On-the-fly" syntax checking information may be incorrect. [C:\Sadat_files\Academics\Current_Term\COMP3601\Project\project_repo\COMP3601_Project_Audio_tuner\Lab3.gen\sources_1\bd\design_1\hdl\design_1_wrapper.v:]
ERROR: [Common 17-180] Spawn failed: No error
WARNING: [filemgmt 56-199] Attempt to get parsing info during refresh. "On-the-fly" syntax checking information may be incorrect. [C:\Sadat_files\Academics\Current_Term\COMP3601\Project\project_repo\COMP3601_Project_Audio_tuner\Lab3.srcs\sources_1\new\amplifier_pipeline.v:]
WARNING: [filemgmt 56-199] Attempt to get parsing info during refresh. "On-the-fly" syntax checking information may be incorrect. [C:\Sadat_files\Academics\Current_Term\COMP3601\Project\project_repo\COMP3601_Project_Audio_tuner\Lab3.srcs\sources_1\imports\IBR_Resources\audio_pipeline.vhd:]
WARNING: [filemgmt 56-199] Attempt to get parsing info during refresh. "On-the-fly" syntax checking information may be incorrect. [C:\Sadat_files\Academics\Current_Term\COMP3601\Project\project_repo\COMP3601_Project_Audio_tuner\Lab3.srcs\sources_1\new\i2s_transmitter.v:]
WARNING: [filemgmt 56-199] Attempt to get parsing info during refresh. "On-the-fly" syntax checking information may be incorrect. [C:\Sadat_files\Academics\Current_Term\COMP3601\Project\project_repo\COMP3601_Project_Audio_tuner\Lab3.gen\sources_1\bd\design_1\hdl\design_1_wrapper.v:]
WARNING: [filemgmt 56-199] Attempt to get parsing info during refresh. "On-the-fly" syntax checking information may be incorrect. [C:\Sadat_files\Academics\Current_Term\COMP3601\Project\project_repo\COMP3601_Project_Audio_tuner\Lab3.srcs\sources_1\imports\IBR_Resources\audio_pipeline.vhd:]
WARNING: [filemgmt 56-199] Attempt to get parsing info during refresh. "On-the-fly" syntax checking information may be incorrect. [C:\Sadat_files\Academics\Current_Term\COMP3601\Project\project_repo\COMP3601_Project_Audio_tuner\Lab3.srcs\sources_1\imports\IBR_Resources\audio_pipeline.vhd:]
WARNING: [filemgmt 56-199] Attempt to get parsing info during refresh. "On-the-fly" syntax checking information may be incorrect. [C:\Sadat_files\Academics\Current_Term\COMP3601\Project\project_repo\COMP3601_Project_Audio_tuner\Lab3.srcs\sources_1\new\amplifier_pipeline.v:]
WARNING: [filemgmt 56-199] Attempt to get parsing info during refresh. "On-the-fly" syntax checking information may be incorrect. [C:\Sadat_files\Academics\Current_Term\COMP3601\Project\project_repo\COMP3601_Project_Audio_tuner\Lab3.srcs\sources_1\imports\IBR_Resources\audio_pipeline.vhd:]
WARNING: [filemgmt 56-199] Attempt to get parsing info during refresh. "On-the-fly" syntax checking information may be incorrect. [C:\Sadat_files\Academics\Current_Term\COMP3601\Project\project_repo\COMP3601_Project_Audio_tuner\Lab3.srcs\sources_1\new\i2s_transmitter.v:]
WARNING: [filemgmt 56-199] Attempt to get parsing info during refresh. "On-the-fly" syntax checking information may be incorrect. [C:\Sadat_files\Academics\Current_Term\COMP3601\Project\project_repo\COMP3601_Project_Audio_tuner\Lab3.gen\sources_1\bd\design_1\hdl\design_1_wrapper.v:]
WARNING: [filemgmt 56-199] Attempt to get parsing info during refresh. "On-the-fly" syntax checking information may be incorrect. [C:\Sadat_files\Academics\Current_Term\COMP3601\Project\project_repo\COMP3601_Project_Audio_tuner\Lab3.srcs\sources_1\new\i2s_transmitter.v:]
WARNING: [filemgmt 56-199] Attempt to get parsing info during refresh. "On-the-fly" syntax checking information may be incorrect. [C:\Sadat_files\Academics\Current_Term\COMP3601\Project\project_repo\COMP3601_Project_Audio_tuner\Lab3.srcs\sources_1\new\i2s_transmitter.v:]
ERROR: [Common 17-180] Spawn failed: No error
WARNING: [filemgmt 56-199] Attempt to get parsing info during refresh. "On-the-fly" syntax checking information may be incorrect. [C:\Sadat_files\Academics\Current_Term\COMP3601\Project\project_repo\COMP3601_Project_Audio_tuner\Lab3.srcs\sources_1\new\amplifier_pipeline.v:]
WARNING: [filemgmt 56-199] Attempt to get parsing info during refresh. "On-the-fly" syntax checking information may be incorrect. [C:\Sadat_files\Academics\Current_Term\COMP3601\Project\project_repo\COMP3601_Project_Audio_tuner\Lab3.srcs\sources_1\imports\IBR_Resources\audio_pipeline.vhd:]
WARNING: [filemgmt 56-199] Attempt to get parsing info during refresh. "On-the-fly" syntax checking information may be incorrect. [C:\Sadat_files\Academics\Current_Term\COMP3601\Project\project_repo\COMP3601_Project_Audio_tuner\Lab3.srcs\sources_1\new\i2s_transmitter.v:]
WARNING: [filemgmt 56-199] Attempt to get parsing info during refresh. "On-the-fly" syntax checking information may be incorrect. [C:\Sadat_files\Academics\Current_Term\COMP3601\Project\project_repo\COMP3601_Project_Audio_tuner\Lab3.gen\sources_1\bd\design_1\hdl\design_1_wrapper.v:]
WARNING: [filemgmt 56-199] Attempt to get parsing info during refresh. "On-the-fly" syntax checking information may be incorrect. [C:\Sadat_files\Academics\Current_Term\COMP3601\Project\project_repo\COMP3601_Project_Audio_tuner\Lab3.gen\sources_1\bd\design_1\hdl\design_1_wrapper.v:]
WARNING: [filemgmt 56-199] Attempt to get parsing info during refresh. "On-the-fly" syntax checking information may be incorrect. [C:\Sadat_files\Academics\Current_Term\COMP3601\Project\project_repo\COMP3601_Project_Audio_tuner\Lab3.gen\sources_1\bd\design_1\hdl\design_1_wrapper.v:]
ERROR: [Common 17-180] Spawn failed: No error
save_bd_design
Wrote  : <C:\Sadat_files\Academics\Current_Term\COMP3601\Project\project_repo\COMP3601_Project_Audio_tuner\Lab3.srcs\sources_1\bd\design_1\design_1.bd> 
Wrote  : <C:/Sadat_files/Academics/Current_Term/COMP3601/Project/project_repo/COMP3601_Project_Audio_tuner/Lab3.srcs/sources_1/bd/design_1/ui/bd_1f5defd0.ui> 
exit
INFO: [Common 17-206] Exiting Vivado at Sun Nov 16 16:59:43 2025...
