#-----------------------------------------------------------
# Vivado v2024.1 (64-bit)
# SW Build 5076996 on Wed May 22 18:37:14 MDT 2024
# IP Build 5075265 on Wed May 22 21:45:21 MDT 2024
# SharedData Build 5076995 on Wed May 22 18:29:18 MDT 2024
# Start of session at: Tue Oct 21 14:17:43 2025
# Process ID: 4824
# Current directory: C:/Sadat_files/Current_Term/COMP3601/Lab_3/Lab3
# Command line: vivado.exe -gui_launcher_event rodinguilauncherevent24688 C:\Sadat_files\Current_Term\COMP3601\Lab_3\Lab3\Lab3.xpr
# Log file: C:/Sadat_files/Current_Term/COMP3601/Lab_3/Lab3/vivado.log
# Journal file: C:/Sadat_files/Current_Term/COMP3601/Lab_3/Lab3\vivado.jou
# Running On        :S-K
# Platform          :Windows Server 2016 or Windows 10
# Operating System  :26100
# Processor Detail  :AMD Ryzen 5 5600H with Radeon Graphics         
# CPU Frequency     :3294 MHz
# CPU Physical cores:6
# CPU Logical cores :12
# Host memory       :14877 MB
# Swap memory       :15032 MB
# Total Virtual     :29909 MB
# Available Virtual :11454 MB
#-----------------------------------------------------------
start_gui
open_project C:/Sadat_files/Current_Term/COMP3601/Lab_3/Lab3/Lab3.xpr
update_compile_order -fileset sources_1
