#-----------------------------------------------------------
# Vivado v2024.1 (64-bit)
# SW Build 5076996 on Wed May 22 18:37:14 MDT 2024
# IP Build 5075265 on Wed May 22 21:45:21 MDT 2024
# SharedData Build 5076995 on Wed May 22 18:29:18 MDT 2024
# Start of session at: Sun Nov 16 17:00:00 2025
# Process ID: 37712
# Current directory: C:/Sadat_files/Academics/Current_Term/COMP3601/Project/project_repo/COMP3601_Project_Audio_tuner
# Command line: vivado.exe -gui_launcher_event rodinguilauncherevent6232 C:\Sadat_files\Academics\Current_Term\COMP3601\Project\project_repo\COMP3601_Project_Audio_tuner\Lab3.xpr
# Log file: C:/Sadat_files/Academics/Current_Term/COMP3601/Project/project_repo/COMP3601_Project_Audio_tuner/vivado.log
# Journal file: C:/Sadat_files/Academics/Current_Term/COMP3601/Project/project_repo/COMP3601_Project_Audio_tuner\vivado.jou
# Running On        :S-K
# Platform          :Windows Server 2016 or Windows 10
# Operating System  :26100
# Processor Detail  :AMD Ryzen 5 5600H with Radeon Graphics         
# CPU Frequency     :3294 MHz
# CPU Physical cores:6
# CPU Logical cores :12
# Host memory       :14877 MB
# Swap memory       :26843 MB
# Total Virtual     :41720 MB
# Available Virtual :11854 MB
#-----------------------------------------------------------
start_gui
open_project C:/Sadat_files/Academics/Current_Term/COMP3601/Project/project_repo/COMP3601_Project_Audio_tuner/Lab3.xpr
INFO: [ProjectBase 1-489] The host OS only allows 260 characters in a normal path. The project is stored in a path with more than 80 characters. If you experience issues with IP, Block Designs, or files not being found, please consider moving the project to a location with a shorter path. Alternately consider using the OS subst command to map part of the path to a drive letter.
Current project path is 'C:/Sadat_files/Academics/Current_Term/COMP3601/Project/project_repo/COMP3601_Project_Audio_tuner'
WWARNING: [Board 49-26] cannot add Board Part xilinx.com:ac701:part0:1.4 available at C:/Xilinx/Vivado/2024.1/data/xhub/boards/XilinxBoardStore/boards/Xilinx/ac701/1.4/board.xml as part xc7a200tfbg676-2 specified in board_part file is either invalid or not available
WARNING: [Board 49-26] cannot add Board Part xilinx.com:kc705:part0:1.6 available at C:/Xilinx/Vivado/2024.1/data/xhub/boards/XilinxBoardStore/boards/Xilinx/kc705/1.6/board.xml as part xc7k325tffg900-2 specified in board_part file is either invalid or not available
WARNING: [Board 49-26] cannot add Board Part xilinx.com:sp701:part0:1.0 available at C:/Xilinx/Vivado/2024.1/data/xhub/boards/XilinxBoardStore/boards/Xilinx/sp701/1.0/board.xml as part xc7s100fgga676-2 specified in board_part file is either invalid or not available
WARNING: [Board 49-26] cannot add Board Part xilinx.com:sp701:part0:1.1 available at C:/Xilinx/Vivado/2024.1/data/xhub/boards/XilinxBoardStore/boards/Xilinx/sp701/1.1/board.xml as part xc7s100fgga676-2 specified in board_part file is either invalid or not available
WARNING: [Board 49-26] cannot add Board Part xilinx.com:vc707:part0:1.4 available at C:/Xilinx/Vivado/2024.1/data/xhub/boards/XilinxBoardStore/boards/Xilinx/vc707/1.4/board.xml as part xc7vx485tffg1761-2 specified in board_part file is either invalid or not available
WARNING: [Board 49-26] cannot add Board Part xilinx.com:vc709:part0:1.8 available at C:/Xilinx/Vivado/2024.1/data/xhub/boards/XilinxBoardStore/boards/Xilinx/vc709/1.8/board.xml as part xc7vx690tffg1761-2 specified in board_part file is either invalid or not available
WARNING: [Board 49-26] cannot add Board Part xilinx.com:vck190:part0:2.2 available at C:/Xilinx/Vivado/2024.1/data/xhub/boards/XilinxBoardStore/boards/Xilinx/vck190/production/2.2/board.xml as part xcvc1902-vsva2197-2mp-e-s specified in board_part file is either invalid or not available
WARNING: [Board 49-26] cannot add Board Part xilinx.com:vck190:part0:3.0 available at C:/Xilinx/Vivado/2024.1/data/xhub/boards/XilinxBoardStore/boards/Xilinx/vck190/production/3.0/board.xml as part xcvc1902-vsva2197-2mp-e-s specified in board_part file is either invalid or not available
WARNING: [Board 49-26] cannot add Board Part xilinx.com:vck190:part0:3.1 available at C:/Xilinx/Vivado/2024.1/data/xhub/boards/XilinxBoardStore/boards/Xilinx/vck190/production/3.1/board.xml as part xcvc1902-vsva2197-2mp-e-s specified in board_part file is either invalid or not available
WARNING: [Board 49-26] cannot add Board Part xilinx.com:vck190:part0:3.2 available at C:/Xilinx/Vivado/2024.1/data/xhub/boards/XilinxBoardStore/boards/Xilinx/vck190/production/3.2/board.xml as part xcvc1902-vsva2197-2mp-e-s specified in board_part file is either invalid or not available
WARNING: [Board 49-26] cannot add Board Part xilinx.com:vck190:part0:3.3 available at C:/Xilinx/Vivado/2024.1/data/xhub/boards/XilinxBoardStore/boards/Xilinx/vck190/production/3.3/board.xml as part xcvc1902-vsva2197-2mp-e-s specified in board_part file is either invalid or not available
WARNING: [Board 49-26] cannot add Board Part xilinx.com:vck190_newl:part0:1.0 available at C:/Xilinx/Vivado/2024.1/data/xhub/boards/XilinxBoardStore/boards/Xilinx/vck190_newl/production/1.0/board.xml as part xcvc1902-vsva2197-2mp-e-s specified in board_part file is either invalid or not available
WARNING: [Board 49-26] cannot add Board Part xilinx.com:vck190_newl:part0:1.1 available at C:/Xilinx/Vivado/2024.1/data/xhub/boards/XilinxBoardStore/boards/Xilinx/vck190_newl/production/1.1/board.xml as part xcvc1902-vsva2197-2mp-e-s specified in board_part file is either invalid or not available
WARNING: [Board 49-26] cannot add Board Part xilinx.com:vck190_newl:part0:1.2 available at C:/Xilinx/Vivado/2024.1/data/xhub/boards/XilinxBoardStore/boards/Xilinx/vck190_newl/production/1.2/board.xml as part xcvc1902-vsva2197-2mp-e-s specified in board_part file is either invalid or not available
WARNING: [Board 49-26] cannot add Board Part xilinx.com:vek280:part0:1.0 available at C:/Xilinx/Vivado/2024.1/data/xhub/boards/XilinxBoardStore/boards/Xilinx/vek280/production/1.0/board.xml as part xcve2802-vsvh1760-2mp-e-s specified in board_part file is either invalid or not available
WARNING: [Board 49-26] cannot add Board Part xilinx.com:vek280:part0:1.1 available at C:/Xilinx/Vivado/2024.1/data/xhub/boards/XilinxBoardStore/boards/Xilinx/vek280/production/1.1/board.xml as part xcve2802-vsvh1760-2mp-e-s specified in board_part file is either invalid or not available
WARNING: [Board 49-26] cannot add Board Part xilinx.com:vek280:part0:1.2 available at C:/Xilinx/Vivado/2024.1/data/xhub/boards/XilinxBoardStore/boards/Xilinx/vek280/production/1.2/board.xml as part xcve2802-vsvh1760-2mp-e-s specified in board_part file is either invalid or not available
WARNING: [Board 49-26] cannot add Board Part xilinx.com:vek280_es:part0:1.0 available at C:/Xilinx/Vivado/2024.1/data/xhub/boards/XilinxBoardStore/boards/Xilinx/vek280/es/rev_a/1.0/board.xml as part xcve2802-vsvh1760-2lp-e-s-es1 specified in board_part file is either invalid or not available
WARNING: [Board 49-26] cannot add Board Part xilinx.com:vek280_es:part0:1.1 available at C:/Xilinx/Vivado/2024.1/data/xhub/boards/XilinxBoardStore/boards/Xilinx/vek280/es/rev_a/1.1/board.xml as part xcve2802-vsvh1760-2lp-e-s-es1 specified in board_part file is either invalid or not available
WARNING: [Board 49-26] cannot add Board Part xilinx.com:vek280_es_revb:part0:1.0 available at C:/Xilinx/Vivado/2024.1/data/xhub/boards/XilinxBoardStore/boards/Xilinx/vek280/es/rev_b/1.0/board.xml as part xcve2802-vsvh1760-2mp-e-s-es1 specified in board_part file is either invalid or not available
WARNING: [Board 49-26] cannot add Board Part xilinx.com:vek280_es_revb:part0:1.1 available at C:/Xilinx/Vivado/2024.1/data/xhub/boards/XilinxBoardStore/boards/Xilinx/vek280/es/rev_b/1.1/board.xml as part xcve2802-vsvh1760-2mp-e-s-es1 specified in board_part file is either invalid or not available
WARNING: [Board 49-26] cannot add Board Part xilinx.com:vhk158:part0:1.0 available at C:/Xilinx/Vivado/2024.1/data/xhub/boards/XilinxBoardStore/boards/Xilinx/vhk158/production/1.0/board.xml as part xcvh1582-vsva3697-2mp-e-s specified in board_part file is either invalid or not available
WARNING: [Board 49-26] cannot add Board Part xilinx.com:vhk158:part0:1.1 available at C:/Xilinx/Vivado/2024.1/data/xhub/boards/XilinxBoardStore/boards/Xilinx/vhk158/production/1.1/board.xml as part xcvh1582-vsva3697-2mp-e-s specified in board_part file is either invalid or not available
WARNING: [Board 49-26] cannot add Board Part xilinx.com:vhk158_es:part0:1.0 available at C:/Xilinx/Vivado/2024.1/data/xhub/boards/XilinxBoardStore/boards/Xilinx/vhk158/es/1.0/board.xml as part xcvh1582-vsva3697-2mp-e-s-es1 specified in board_part file is either invalid or not available
WARNING: [Board 49-26] cannot add Board Part xilinx.com:vhk158_es:part0:1.1 available at C:/Xilinx/Vivado/2024.1/data/xhub/boards/XilinxBoardStore/boards/Xilinx/vhk158/es/1.1/board.xml as part xcvh1582-vsva3697-2mp-e-s-es1 specified in board_part file is either invalid or not available
WARNING: [Board 49-26] cannot add Board Part xilinx.com:vmk180:part0:2.2 available at C:/Xilinx/Vivado/2024.1/data/xhub/boards/XilinxBoardStore/boards/Xilinx/vmk180/production/2.2/board.xml as part xcvm1802-vsva2197-2mp-e-s specified in board_part file is either invalid or not available
WARNING: [Board 49-26] cannot add Board Part xilinx.com:vmk180:part0:3.0 available at C:/Xilinx/Vivado/2024.1/data/xhub/boards/XilinxBoardStore/boards/Xilinx/vmk180/production/3.0/board.xml as part xcvm1802-vsva2197-2mp-e-s specified in board_part file is either invalid or not available
WARNING: [Board 49-26] cannot add Board Part xilinx.com:vmk180:part0:3.1 available at C:/Xilinx/Vivado/2024.1/data/xhub/boards/XilinxBoardStore/boards/Xilinx/vmk180/production/3.1/board.xml as part xcvm1802-vsva2197-2mp-e-s specified in board_part file is either invalid or not available
WARNING: [Board 49-26] cannot add Board Part xilinx.com:vmk180:part0:3.2 available at C:/Xilinx/Vivado/2024.1/data/xhub/boards/XilinxBoardStore/boards/Xilinx/vmk180/production/3.2/board.xml as part xcvm1802-vsva2197-2mp-e-s specified in board_part file is either invalid or not available
WARNING: [Board 49-26] cannot add Board Part xilinx.com:vmk180_newl:part0:1.0 available at C:/Xilinx/Vivado/2024.1/data/xhub/boards/XilinxBoardStore/boards/Xilinx/vmk180_newl/production/1.0/board.xml as part xcvm1802-vsva2197-2mp-e-s specified in board_part file is either invalid or not available
WARNING: [Board 49-26] cannot add Board Part xilinx.com:vmk180_newl:part0:1.1 available at C:/Xilinx/Vivado/2024.1/data/xhub/boards/XilinxBoardStore/boards/Xilinx/vmk180_newl/production/1.1/board.xml as part xcvm1802-vsva2197-2mp-e-s specified in board_part file is either invalid or not available
WARNING: [Board 49-26] cannot add Board Part xilinx.com:vpk120:part0:1.0 available at C:/Xilinx/Vivado/2024.1/data/xhub/boards/XilinxBoardStore/boards/Xilinx/vpk120/production/1.0/board.xml as part xcvp1202-vsva2785-2mp-e-s specified in board_part file is either invalid or not available
WARNING: [Board 49-26] cannot add Board Part xilinx.com:vpk120:part0:1.1 available at C:/Xilinx/Vivado/2024.1/data/xhub/boards/XilinxBoardStore/boards/Xilinx/vpk120/production/1.1/board.xml as part xcvp1202-vsva2785-2mp-e-s specified in board_part file is either invalid or not available
WARNING: [Board 49-26] cannot add Board Part xilinx.com:vpk120:part0:1.2 available at C:/Xilinx/Vivado/2024.1/data/xhub/boards/XilinxBoardStore/boards/Xilinx/vpk120/production/1.2/board.xml as part xcvp1202-vsva2785-2mp-e-s specified in board_part file is either invalid or not available
WARNING: [Board 49-26] cannot add Board Part xilinx.com:vpk180:part0:1.0 available at C:/Xilinx/Vivado/2024.1/data/xhub/boards/XilinxBoardStore/boards/Xilinx/vpk180/production/1.0/board.xml as part xcvp1802-lsvc4072-2mp-e-s specified in board_part file is either invalid or not available
WARNING: [Board 49-26] cannot add Board Part xilinx.com:vpk180:part0:1.1 available at C:/Xilinx/Vivado/2024.1/data/xhub/boards/XilinxBoardStore/boards/Xilinx/vpk180/production/1.1/board.xml as part xcvp1802-lsvc4072-2mp-e-s specified in board_part file is either invalid or not available
WARNING: [Board 49-26] cannot add Board Part xilinx.com:vpk180:part0:1.2 available at C:/Xilinx/Vivado/2024.1/data/xhub/boards/XilinxBoardStore/boards/Xilinx/vpk180/production/1.2/board.xml as part xcvp1802-lsvc4072-2mp-e-s specified in board_part file is either invalid or not available
WARNING: [Board 49-26] cannot add Board Part xilinx.com:zcu208ld:part0:2.0 available at C:/Xilinx/Vivado/2024.1/data/xhub/boards/XilinxBoardStore/boards/Xilinx/zcu208ld/production/2.0/board.xml as part xczu58dr-fsvg1517-2-i specified in board_part file is either invalid or not available
WARNING: [Board 49-26] cannot add Board Part xilinx.com:zcu216ld:part0:2.0 available at C:/Xilinx/Vivado/2024.1/data/xhub/boards/XilinxBoardStore/boards/Xilinx/zcu216ld/production/2.0/board.xml as part xczu59dr-ffvf1760-2-i specified in board_part file is either invalid or not available
WARNING: [Board 49-26] cannot add Board Part xilinx.com:zcu670ld:part0:1.0 available at C:/Xilinx/Vivado/2024.1/data/xhub/boards/XilinxBoardStore/boards/Xilinx/zcu670ld/1.0/board.xml as part xczu57dr-fsve1156-2-i specified in board_part file is either invalid or not availableSScanning sources...
Finished scanning sourcesIINFO: [IP_Flow 19-234] Refreshing IP repositories
INFO: [IP_Flow 19-1704] No user IP repositories specifiedIINFO: [IP_Flow 19-2313] Loaded Vivado IP repository 'C:/Xilinx/Vivado/2024.1/data/ip'.oopen_project: Time (s): cpu = 00:00:36 ; elapsed = 00:00:21 . Memory (MB): peak = 1613.484 ; gain = 490.254uupdate_compile_order -fileset sources_1export_ip_user_files -of_objects  [get_files C:/Sadat_files/Academics/Current_Term/COMP3601/Project/project_repo/COMP3601_Project_Audio_tuner/Lab3.srcs/sources_1/new/amplifier_pipeline.v] -no_script -reset -force -quiet
remove_files  C:/Sadat_files/Academics/Current_Term/COMP3601/Project/project_repo/COMP3601_Project_Audio_tuner/Lab3.srcs/sources_1/new/amplifier_pipeline.v
file delete -force C:/Sadat_files/Academics/Current_Term/COMP3601/Project/project_repo/COMP3601_Project_Audio_tuner/Lab3.srcs/sources_1/new/amplifier_pipeline.v
close [ open C:/Sadat_files/Academics/Current_Term/COMP3601/Project/project_repo/COMP3601_Project_Audio_tuner/Lab3.srcs/sources_1/new/amplifier_pipeline.vhd w ]
add_files C:/Sadat_files/Academics/Current_Term/COMP3601/Project/project_repo/COMP3601_Project_Audio_tuner/Lab3.srcs/sources_1/new/amplifier_pipeline.vhd
update_compile_order -fileset sources_1
export_ip_user_files -of_objects  [get_files C:/Sadat_files/Academics/Current_Term/COMP3601/Project/project_repo/COMP3601_Project_Audio_tuner/Lab3.srcs/sources_1/new/i2s_transmitter.v] -no_script -reset -force -quiet
remove_files  C:/Sadat_files/Academics/Current_Term/COMP3601/Project/project_repo/COMP3601_Project_Audio_tuner/Lab3.srcs/sources_1/new/i2s_transmitter.v
file delete -force C:/Sadat_files/Academics/Current_Term/COMP3601/Project/project_repo/COMP3601_Project_Audio_tuner/Lab3.srcs/sources_1/new/i2s_transmitter.v
close [ open C:/Sadat_files/Academics/Current_Term/COMP3601/Project/project_repo/COMP3601_Project_Audio_tuner/Lab3.srcs/sources_1/new/i2s_transmitter.vhd w ]
add_files C:/Sadat_files/Academics/Current_Term/COMP3601/Project/project_repo/COMP3601_Project_Audio_tuner/Lab3.srcs/sources_1/new/i2s_transmitter.vhd
update_compile_order -fileset sources_1
WARNING: [filemgmt 56-199] Attempt to get parsing info during refresh. "On-the-fly" syntax checking information may be incorrect. [C:\Sadat_files\Academics\Current_Term\COMP3601\Project\project_repo\COMP3601_Project_Audio_tuner\Lab3.srcs\sources_1\new\amplifier_pipeline.v:]
WARNING: [filemgmt 56-199] Attempt to get parsing info during refresh. "On-the-fly" syntax checking information may be incorrect. [C:\Sadat_files\Academics\Current_Term\COMP3601\Project\project_repo\COMP3601_Project_Audio_tuner\Lab3.srcs\sources_1\new\i2s_transmitter.vhd:]
WARNING: [filemgmt 56-199] Attempt to get parsing info during refresh. "On-the-fly" syntax checking information may be incorrect. [C:\Sadat_files\Academics\Current_Term\COMP3601\Project\project_repo\COMP3601_Project_Audio_tuner\Lab3.srcs\sources_1\new\i2s_transmitter.v:]
WARNING: [filemgmt 56-199] Attempt to get parsing info during refresh. "On-the-fly" syntax checking information may be incorrect. [C:\Sadat_files\Academics\Current_Term\COMP3601\Project\project_repo\COMP3601_Project_Audio_tuner\Lab3.srcs\sources_1\new\amplifier_pipeline.vhd:]
WARNING: [filemgmt 56-199] Attempt to get parsing info during refresh. "On-the-fly" syntax checking information may be incorrect. [C:\Sadat_files\Academics\Current_Term\COMP3601\Project\project_repo\COMP3601_Project_Audio_tuner\Lab3.srcs\sources_1\new\i2s_transmitter.vhd:]
WARNING: [filemgmt 56-199] Attempt to get parsing info during refresh. "On-the-fly" syntax checking information may be incorrect. [C:\Sadat_files\Academics\Current_Term\COMP3601\Project\project_repo\COMP3601_Project_Audio_tuner\Lab3.srcs\sources_1\new\i2s_transmitter.vhd:]
ERROR: [Common 17-180] Spawn failed: No such file or directory
WARNING: [filemgmt 56-199] Attempt to get parsing info during refresh. "On-the-fly" syntax checking information may be incorrect. [C:\Sadat_files\Academics\Current_Term\COMP3601\Project\project_repo\COMP3601_Project_Audio_tuner\Lab3.srcs\sources_1\new\amplifier_pipeline.v:]
WARNING: [filemgmt 56-199] Attempt to get parsing info during refresh. "On-the-fly" syntax checking information may be incorrect. [C:\Sadat_files\Academics\Current_Term\COMP3601\Project\project_repo\COMP3601_Project_Audio_tuner\Lab3.srcs\sources_1\new\i2s_transmitter.vhd:]
WARNING: [filemgmt 56-199] Attempt to get parsing info during refresh. "On-the-fly" syntax checking information may be incorrect. [C:\Sadat_files\Academics\Current_Term\COMP3601\Project\project_repo\COMP3601_Project_Audio_tuner\Lab3.srcs\sources_1\new\i2s_transmitter.v:]
WARNING: [filemgmt 56-199] Attempt to get parsing info during refresh. "On-the-fly" syntax checking information may be incorrect. [C:\Sadat_files\Academics\Current_Term\COMP3601\Project\project_repo\COMP3601_Project_Audio_tuner\Lab3.srcs\sources_1\new\amplifier_pipeline.vhd:]
WARNING: [filemgmt 56-199] Attempt to get parsing info during refresh. "On-the-fly" syntax checking information may be incorrect. [C:\Sadat_files\Academics\Current_Term\COMP3601\Project\project_repo\COMP3601_Project_Audio_tuner\Lab3.srcs\sources_1\new\i2s_transmitter.vhd:]
WARNING: [filemgmt 56-199] Attempt to get parsing info during refresh. "On-the-fly" syntax checking information may be incorrect. [C:\Sadat_files\Academics\Current_Term\COMP3601\Project\project_repo\COMP3601_Project_Audio_tuner\Lab3.srcs\sources_1\new\i2s_transmitter.vhd:]
ERROR: [Common 17-180] Spawn failed: No such file or directory
open_bd_design {C:/Sadat_files/Academics/Current_Term/COMP3601/Project/project_repo/COMP3601_Project_Audio_tuner/Lab3.srcs/sources_1/bd/design_1/design_1.bd}
Reading block design file <C:/Sadat_files/Academics/Current_Term/COMP3601/Project/project_repo/COMP3601_Project_Audio_tuner/Lab3.srcs/sources_1/bd/design_1/design_1.bd>...
Adding component instance block -- xilinx.com:ip:zynq_ultra_ps_e:3.5 - zynq_ultra_ps_e_0
Adding component instance block -- xilinx.com:ip:axi_dma:7.1 - axi_dma_0
WARNING: [BD 41-1282] Parameter 'HAS_BURST' is not defined on '/axi_dma_0/M_AXIS_MM2S'. Parameter ignored.
WARNING: [BD 41-1282] Parameter 'HAS_BURST' is not defined on '/axi_dma_0/M_AXIS_MM2S'. Parameter ignored.
Adding component instance block -- xilinx.com:module_ref:audio_pipeline:1.0 - audio_pipeline_0
Adding component instance block -- xilinx.com:ip:axi_interconnect:2.1 - ps8_0_axi_periph
Adding component instance block -- xilinx.com:ip:axi_crossbar:2.1 - xbar
Adding component instance block -- xilinx.com:ip:axi_dwidth_converter:2.1 - auto_ds
Adding component instance block -- xilinx.com:ip:axi_protocol_converter:2.1 - auto_pc
Adding component instance block -- xilinx.com:ip:proc_sys_reset:5.0 - rst_ps8_0_99M
Adding component instance block -- xilinx.com:ip:smartconnect:1.0 - axi_smc
Adding component instance block -- xilinx.com:module_ref:axi_gpio:1.0 - axi_gpio_0
Excluding slave segment /zynq_ultra_ps_e_0/SAXIGP0/HPC0_DDR_HIGH from address space /axi_dma_0/Data_S2MM.
Excluding slave segment /zynq_ultra_ps_e_0/SAXIGP0/HPC0_LPS_OCM from address space /axi_dma_0/Data_S2MM.
Successfully read diagram <design_1> from block design file <C:/Sadat_files/Academics/Current_Term/COMP3601/Project/project_repo/COMP3601_Project_Audio_tuner/Lab3.srcs/sources_1/bd/design_1/design_1.bd>
open_bd_design: Time (s): cpu = 00:00:10 ; elapsed = 00:00:08 . Memory (MB): peak = 1810.508 ; gain = 148.961
create_bd_cell -type module -reference amplifier_pipeline amplifier_pipeline_0
INFO: [IP_Flow 19-5107] Inferred bus interface 'axis' of definition 'xilinx.com:interface:axis:1.0' (from Xilinx Repository).
INFO: [IP_Flow 19-5107] Inferred bus interface 's00_axi' of definition 'xilinx.com:interface:aximm:1.0' (from Xilinx Repository).
INFO: [IP_Flow 19-5107] Inferred bus interface 'rst' of definition 'xilinx.com:signal:reset:1.0' (from Xilinx Repository).
INFO: [IP_Flow 19-5107] Inferred bus interface 's00_axi_aresetn' of definition 'xilinx.com:signal:reset:1.0' (from Xilinx Repository).
INFO: [IP_Flow 19-5107] Inferred bus interface 'clk' of definition 'xilinx.com:signal:clock:1.0' (from Xilinx Repository).
INFO: [IP_Flow 19-5107] Inferred bus interface 's00_axi_aclk' of definition 'xilinx.com:signal:clock:1.0' (from Xilinx Repository).
INFO: [IP_Flow 19-4728] Bus Interface 's00_axi_aresetn': Added interface parameter 'POLARITY' with value 'ACTIVE_LOW'.
INFO: [IP_Flow 19-4728] Bus Interface 'clk': Added interface parameter 'ASSOCIATED_BUSIF' with value 'axis'.
INFO: [IP_Flow 19-4728] Bus Interface 'clk': Added interface parameter 'ASSOCIATED_RESET' with value 'rst'.
INFO: [IP_Flow 19-4728] Bus Interface 's00_axi_aclk': Added interface parameter 'ASSOCIATED_RESET' with value 's00_axi_aresetn'.
WARNING: [IP_Flow 19-11770] Clock interface 'clk' has no FREQ_HZ parameter.
WARNING: [IP_Flow 19-5661] Bus Interface 's00_axi_aclk' does not have any bus interfaces associated with it.
WARNING: [IP_Flow 19-11770] Clock interface 's00_axi_aclk' has no FREQ_HZ parameter.
set_property location {7 2922 187} [get_bd_cells amplifier_pipeline_0]
set_property location {7 2962 188} [get_bd_cells amplifier_pipeline_0]
startgroup
set_property CONFIG.NUM_SI {2} [get_bd_cells axi_smc]
endgroup
connect_bd_intf_net [get_bd_intf_pins axi_dma_0/M_AXI_MM2S] [get_bd_intf_pins axi_smc/S01_AXI]
connect_bd_intf_net [get_bd_intf_pins axi_dma_0/M_AXIS_MM2S] [get_bd_intf_pins amplifier_pipeline_0/axis]
startgroup
set_property CONFIG.NUM_MI {4} [get_bd_cells ps8_0_axi_periph]
endgroup
startgroup
set_property -dict [list \
  CONFIG.NUM_MI {4} \
  CONFIG.NUM_SI {2} \
] [get_bd_cells ps8_0_axi_periph]
endgroup
connect_bd_intf_net -boundary_type upper [get_bd_intf_pins ps8_0_axi_periph/M03_AXI] [get_bd_intf_pins amplifier_pipeline_0/s00_axi]
set_property location {3077 69} [get_bd_ports pmod_i2s_lrclk]
set_property location {2491 25} [get_bd_ports pmod_i2s_bclk]
set_property location {2583 71} [get_bd_ports pmod_i2s_lrclk]
create_bd_port -dir O pmod_i2s2_bclk
create_bd_port -dir I pmod_i2s2_lrclk
delete_bd_objs [get_bd_ports pmod_i2s2_lrclk]
create_bd_port -dir O pmod_i2s2_lrclk
set_property location {3061 212} [get_bd_ports pmod_i2s2_lrclk]
create_bd_port -dir O pmod_i2s2_dout
startgroup
connect_bd_net [get_bd_ports pmod_i2s2_bclk] [get_bd_pins amplifier_pipeline_0/i2s_bclk]
connect_bd_net [get_bd_ports pmod_i2s2_dout] [get_bd_pins amplifier_pipeline_0/i2s_bclk]
endgroup
delete_bd_objs [get_bd_nets amplifier_pipeline_0_i2s_bclk]
set_property location {3076 281} [get_bd_ports pmod_i2s2_dout]
connect_bd_net [get_bd_ports pmod_i2s2_dout] [get_bd_pins amplifier_pipeline_0/i2s_dout]
connect_bd_net [get_bd_ports pmod_i2s2_bclk] [get_bd_pins amplifier_pipeline_0/i2s_bclk]
connect_bd_net [get_bd_ports pmod_i2s2_lrclk] [get_bd_pins amplifier_pipeline_0/i2s_lrcl]
WARNING: [IP_Flow 19-474] Invalid Parameter 'Component_Name'
startgroup
set_property CONFIG.PSU__USE__M_AXI_GP1 {1} [get_bd_cells zynq_ultra_ps_e_0]
endgroup
connect_bd_intf_net [get_bd_intf_pins zynq_ultra_ps_e_0/M_AXI_HPM1_FPD] -boundary_type upper [get_bd_intf_pins ps8_0_axi_periph/S01_AXI]
startgroup
apply_bd_automation -rule xilinx.com:bd_rule:clkrst -config { Clk {/zynq_ultra_ps_e_0/pl_clk0 (99 MHz)} Freq {99} Ref_Clk0 {} Ref_Clk1 {} Ref_Clk2 {}}  [get_bd_pins amplifier_pipeline_0/clk]
apply_bd_automation -rule xilinx.com:bd_rule:clkrst -config { Clk {/zynq_ultra_ps_e_0/pl_clk0 (99 MHz)} Freq {99} Ref_Clk0 {} Ref_Clk1 {} Ref_Clk2 {}}  [get_bd_pins amplifier_pipeline_0/s00_axi_aclk]
INFO: [BD 5-455] Automation on '/axi_dma_0/m_axi_mm2s_aclk' will not be run, since it is obsolete due to previously run automations
INFO: [BD 5-455] Automation on '/ps8_0_axi_periph/M03_ACLK' will not be run, since it is obsolete due to previously run automations
apply_bd_automation -rule xilinx.com:bd_rule:clkrst -config { Clk {/zynq_ultra_ps_e_0/pl_clk0 (99 MHz)} Freq {99} Ref_Clk0 {} Ref_Clk1 {} Ref_Clk2 {}}  [get_bd_pins ps8_0_axi_periph/S01_ACLK]
INFO: [BD 5-455] Automation on '/zynq_ultra_ps_e_0/maxihpm1_fpd_aclk' will not be run, since it is obsolete due to previously run automations
endgroup
regenerate_bd_layout
set_property location {4 1434 328} [get_bd_cells ps8_0_axi_periph]
set_property location {4 1409 377} [get_bd_cells ps8_0_axi_periph]
set_property location {4 1415 411} [get_bd_cells ps8_0_axi_periph]
set_property location {4 1413 349} [get_bd_cells ps8_0_axi_periph]
set_property location {4 1407 380} [get_bd_cells ps8_0_axi_periph]
set_property location {4 1415 345} [get_bd_cells ps8_0_axi_periph]
set_property location {4 1417 334} [get_bd_cells ps8_0_axi_periph]
set_property location {4 1419 364} [get_bd_cells ps8_0_axi_periph]
set_property location {4 1412 396} [get_bd_cells ps8_0_axi_periph]
set_property location {5 1757 184} [get_bd_cells audio_pipeline_0]
set_property location {6 2117 287} [get_bd_cells axi_dma_0]
set_property location {5 1727 -13} [get_bd_cells audio_pipeline_0]
save_bd_design
Wrote  : <C:\Sadat_files\Academics\Current_Term\COMP3601\Project\project_repo\COMP3601_Project_Audio_tuner\Lab3.srcs\sources_1\bd\design_1\design_1.bd> 
Wrote  : <C:/Sadat_files/Academics/Current_Term/COMP3601/Project/project_repo/COMP3601_Project_Audio_tuner/Lab3.srcs/sources_1/bd/design_1/ui/bd_1f5defd0.ui> 
reset_run synth_1
INFO: [Project 1-1161] Replacing file C:/Sadat_files/Academics/Current_Term/COMP3601/Project/project_repo/COMP3601_Project_Audio_tuner/Lab3.srcs/utils_1/imports/synth_1/audio_pipeline.dcp with file C:/Sadat_files/Academics/Current_Term/COMP3601/Project/project_repo/COMP3601_Project_Audio_tuner/Lab3.runs/synth_1/design_1_wrapper.dcp
launch_runs impl_1 -to_step write_bitstream -jobs 6
WARNING: [filemgmt 56-199] Attempt to get parsing info during refresh. "On-the-fly" syntax checking information may be incorrect. [C:\Sadat_files\Academics\Current_Term\COMP3601\Project\project_repo\COMP3601_Project_Audio_tuner\Lab3.srcs\sources_1\new\amplifier_pipeline.v:]
WARNING: [filemgmt 56-199] Attempt to get parsing info during refresh. "On-the-fly" syntax checking information may be incorrect. [C:\Sadat_files\Academics\Current_Term\COMP3601\Project\project_repo\COMP3601_Project_Audio_tuner\Lab3.srcs\sources_1\new\i2s_transmitter.vhd:]
WARNING: [filemgmt 56-199] Attempt to get parsing info during refresh. "On-the-fly" syntax checking information may be incorrect. [C:\Sadat_files\Academics\Current_Term\COMP3601\Project\project_repo\COMP3601_Project_Audio_tuner\Lab3.srcs\sources_1\new\i2s_transmitter.v:]
WARNING: [filemgmt 56-199] Attempt to get parsing info during refresh. "On-the-fly" syntax checking information may be incorrect. [C:\Sadat_files\Academics\Current_Term\COMP3601\Project\project_repo\COMP3601_Project_Audio_tuner\Lab3.srcs\sources_1\new\amplifier_pipeline.vhd:]
WARNING: [filemgmt 56-199] Attempt to get parsing info during refresh. "On-the-fly" syntax checking information may be incorrect. [C:\Sadat_files\Academics\Current_Term\COMP3601\Project\project_repo\COMP3601_Project_Audio_tuner\Lab3.srcs\sources_1\new\i2s_transmitter.vhd:]
WARNING: [filemgmt 56-199] Attempt to get parsing info during refresh. "On-the-fly" syntax checking information may be incorrect. [C:\Sadat_files\Academics\Current_Term\COMP3601\Project\project_repo\COMP3601_Project_Audio_tuner\Lab3.srcs\sources_1\new\i2s_transmitter.vhd:]
WARNING: [BD 41-1629] Slave segment </zynq_ultra_ps_e_0/SAXIGP0/HPC0_DDR_HIGH> is excluded from all addressing paths.
WARNING: [BD 41-1629] Slave segment </zynq_ultra_ps_e_0/SAXIGP0/HPC0_LPS_OCM> is excluded from all addressing paths.
CRITICAL WARNING: [BD 41-1356] Slave segment </zynq_ultra_ps_e_0/SAXIGP0/HPC0_DDR_HIGH> is not assigned into address space </axi_dma_0/Data_MM2S>. Please use Address Editor to either assign or exclude it.
CRITICAL WARNING: [BD 41-1356] Slave segment </zynq_ultra_ps_e_0/SAXIGP0/HPC0_QSPI> is not assigned into address space </axi_dma_0/Data_MM2S>. Please use Address Editor to either assign or exclude it.
CRITICAL WARNING: [BD 41-1356] Slave segment </zynq_ultra_ps_e_0/SAXIGP0/HPC0_LPS_OCM> is not assigned into address space </axi_dma_0/Data_MM2S>. Please use Address Editor to either assign or exclude it.
CRITICAL WARNING: [BD 41-1356] Slave segment </zynq_ultra_ps_e_0/SAXIGP0/HPC0_DDR_LOW> is not assigned into address space </axi_dma_0/Data_MM2S>. Please use Address Editor to either assign or exclude it.
CRITICAL WARNING: [BD 41-1356] Slave segment </amplifier_pipeline_0/s00_axi/reg0> is not assigned into address space </zynq_ultra_ps_e_0/Data>. Please use Address Editor to either assign or exclude it.
WARNING: [filemgmt 56-199] Attempt to get parsing info during refresh. "On-the-fly" syntax checking information may be incorrect. [C:\Sadat_files\Academics\Current_Term\COMP3601\Project\project_repo\COMP3601_Project_Audio_tuner\Lab3.srcs\sources_1\new\amplifier_pipeline.v:]
WARNING: [filemgmt 56-199] Attempt to get parsing info during refresh. "On-the-fly" syntax checking information may be incorrect. [C:\Sadat_files\Academics\Current_Term\COMP3601\Project\project_repo\COMP3601_Project_Audio_tuner\Lab3.srcs\sources_1\new\i2s_transmitter.vhd:]
WARNING: [filemgmt 56-199] Attempt to get parsing info during refresh. "On-the-fly" syntax checking information may be incorrect. [C:\Sadat_files\Academics\Current_Term\COMP3601\Project\project_repo\COMP3601_Project_Audio_tuner\Lab3.srcs\sources_1\new\i2s_transmitter.v:]
WARNING: [filemgmt 56-199] Attempt to get parsing info during refresh. "On-the-fly" syntax checking information may be incorrect. [C:\Sadat_files\Academics\Current_Term\COMP3601\Project\project_repo\COMP3601_Project_Audio_tuner\Lab3.srcs\sources_1\new\amplifier_pipeline.vhd:]
WARNING: [filemgmt 56-199] Attempt to get parsing info during refresh. "On-the-fly" syntax checking information may be incorrect. [C:\Sadat_files\Academics\Current_Term\COMP3601\Project\project_repo\COMP3601_Project_Audio_tuner\Lab3.srcs\sources_1\new\i2s_transmitter.vhd:]
WARNING: [filemgmt 56-199] Attempt to get parsing info during refresh. "On-the-fly" syntax checking information may be incorrect. [C:\Sadat_files\Academics\Current_Term\COMP3601\Project\project_repo\COMP3601_Project_Audio_tuner\Lab3.srcs\sources_1\new\i2s_transmitter.vhd:]
ERROR: [Common 17-180] Spawn failed: No such file or directory
ERROR: [Common 17-39] 'set_property' failed due to earlier errors.
ERROR: [BD 41-1273] Error running pre_propagate TCL procedure: ERROR: [Common 17-39] 'set_property' failed due to earlier errors.
    reset_connectivity Line 14
ERROR: [BD 41-1031] Hdl Generation failed for the IP Integrator design C:/Sadat_files/Academics/Current_Term/COMP3601/Project/project_repo/COMP3601_Project_Audio_tuner/Lab3.srcs/sources_1/bd/design_1/design_1.bd 
WARNING: [filemgmt 56-199] Attempt to get parsing info during refresh. "On-the-fly" syntax checking information may be incorrect. [C:\Sadat_files\Academics\Current_Term\COMP3601\Project\project_repo\COMP3601_Project_Audio_tuner\Lab3.srcs\sources_1\new\amplifier_pipeline.v:]
WARNING: [filemgmt 56-199] Attempt to get parsing info during refresh. "On-the-fly" syntax checking information may be incorrect. [C:\Sadat_files\Academics\Current_Term\COMP3601\Project\project_repo\COMP3601_Project_Audio_tuner\Lab3.srcs\sources_1\new\i2s_transmitter.vhd:]
WARNING: [filemgmt 56-199] Attempt to get parsing info during refresh. "On-the-fly" syntax checking information may be incorrect. [C:\Sadat_files\Academics\Current_Term\COMP3601\Project\project_repo\COMP3601_Project_Audio_tuner\Lab3.srcs\sources_1\new\i2s_transmitter.v:]
WARNING: [filemgmt 56-199] Attempt to get parsing info during refresh. "On-the-fly" syntax checking information may be incorrect. [C:\Sadat_files\Academics\Current_Term\COMP3601\Project\project_repo\COMP3601_Project_Audio_tuner\Lab3.srcs\sources_1\new\amplifier_pipeline.vhd:]
WARNING: [filemgmt 56-199] Attempt to get parsing info during refresh. "On-the-fly" syntax checking information may be incorrect. [C:\Sadat_files\Academics\Current_Term\COMP3601\Project\project_repo\COMP3601_Project_Audio_tuner\Lab3.srcs\sources_1\new\amplifier_pipeline.vhd:]
WARNING: [filemgmt 56-199] Attempt to get parsing info during refresh. "On-the-fly" syntax checking information may be incorrect. [C:\Sadat_files\Academics\Current_Term\COMP3601\Project\project_repo\COMP3601_Project_Audio_tuner\Lab3.srcs\sources_1\new\amplifier_pipeline.vhd:]
ERROR: [Common 17-180] Spawn failed: No such file or directory
WARNING: [BD 41-1629] Slave segment </zynq_ultra_ps_e_0/SAXIGP0/HPC0_DDR_HIGH> is excluded from all addressing paths.
WARNING: [BD 41-1629] Slave segment </zynq_ultra_ps_e_0/SAXIGP0/HPC0_LPS_OCM> is excluded from all addressing paths.
CRITICAL WARNING: [BD 41-1356] Slave segment </zynq_ultra_ps_e_0/SAXIGP0/HPC0_DDR_HIGH> is not assigned into address space </axi_dma_0/Data_MM2S>. Please use Address Editor to either assign or exclude it.
CRITICAL WARNING: [BD 41-1356] Slave segment </zynq_ultra_ps_e_0/SAXIGP0/HPC0_QSPI> is not assigned into address space </axi_dma_0/Data_MM2S>. Please use Address Editor to either assign or exclude it.
CRITICAL WARNING: [BD 41-1356] Slave segment </zynq_ultra_ps_e_0/SAXIGP0/HPC0_LPS_OCM> is not assigned into address space </axi_dma_0/Data_MM2S>. Please use Address Editor to either assign or exclude it.
CRITICAL WARNING: [BD 41-1356] Slave segment </zynq_ultra_ps_e_0/SAXIGP0/HPC0_DDR_LOW> is not assigned into address space </axi_dma_0/Data_MM2S>. Please use Address Editor to either assign or exclude it.
CRITICAL WARNING: [BD 41-1356] Slave segment </amplifier_pipeline_0/s00_axi/reg0> is not assigned into address space </zynq_ultra_ps_e_0/Data>. Please use Address Editor to either assign or exclude it.
WARNING: [BD 5-699] No address segments matched 'get_bd_addr_segs -addressing -of_objects /rst_ps8_0_99M'
Excluding slave segment /zynq_ultra_ps_e_0/SAXIGP0/HPC0_DDR_HIGH from address space /axi_dma_0/Data_S2MM.
Excluding slave segment /zynq_ultra_ps_e_0/SAXIGP0/HPC0_LPS_OCM from address space /axi_dma_0/Data_S2MM.
Excluding slave segment /zynq_ultra_ps_e_0/SAXIGP0/HPC0_DDR_HIGH from address space /axi_dma_0/Data_S2MM.
Excluding slave segment /zynq_ultra_ps_e_0/SAXIGP0/HPC0_LPS_OCM from address space /axi_dma_0/Data_S2MM.
Excluding slave segment /zynq_ultra_ps_e_0/SAXIGP0/HPC0_DDR_HIGH from address space /axi_dma_0/Data_S2MM.
Excluding slave segment /zynq_ultra_ps_e_0/SAXIGP0/HPC0_LPS_OCM from address space /axi_dma_0/Data_S2MM.
Excluding slave segment /zynq_ultra_ps_e_0/SAXIGP0/HPC0_DDR_HIGH from address space /axi_dma_0/Data_S2MM.
Excluding slave segment /zynq_ultra_ps_e_0/SAXIGP0/HPC0_LPS_OCM from address space /axi_dma_0/Data_S2MM.
Excluding slave segment /zynq_ultra_ps_e_0/SAXIGP0/HPC0_DDR_HIGH from address space /axi_dma_0/Data_S2MM.
Excluding slave segment /zynq_ultra_ps_e_0/SAXIGP0/HPC0_LPS_OCM from address space /axi_dma_0/Data_S2MM.
Excluding slave segment /zynq_ultra_ps_e_0/SAXIGP0/HPC0_DDR_HIGH from address space /axi_dma_0/Data_S2MM.
Excluding slave segment /zynq_ultra_ps_e_0/SAXIGP0/HPC0_LPS_OCM from address space /axi_dma_0/Data_S2MM.
Excluding slave segment /zynq_ultra_ps_e_0/SAXIGP0/HPC0_DDR_HIGH from address space /axi_dma_0/Data_S2MM.
Excluding slave segment /zynq_ultra_ps_e_0/SAXIGP0/HPC0_LPS_OCM from address space /axi_dma_0/Data_S2MM.
Excluding slave segment /zynq_ultra_ps_e_0/SAXIGP0/HPC0_DDR_HIGH from address space /axi_dma_0/Data_S2MM.
Excluding slave segment /zynq_ultra_ps_e_0/SAXIGP0/HPC0_LPS_OCM from address space /axi_dma_0/Data_S2MM.
Excluding slave segment /zynq_ultra_ps_e_0/SAXIGP0/HPC0_DDR_HIGH from address space /axi_dma_0/Data_S2MM.
Excluding slave segment /zynq_ultra_ps_e_0/SAXIGP0/HPC0_LPS_OCM from address space /axi_dma_0/Data_S2MM.
Excluding slave segment /zynq_ultra_ps_e_0/SAXIGP0/HPC0_DDR_HIGH from address space /axi_dma_0/Data_S2MM.
Excluding slave segment /zynq_ultra_ps_e_0/SAXIGP0/HPC0_LPS_OCM from address space /axi_dma_0/Data_S2MM.
Excluding slave segment /zynq_ultra_ps_e_0/SAXIGP0/HPC0_DDR_HIGH from address space /axi_dma_0/Data_S2MM.
Excluding slave segment /zynq_ultra_ps_e_0/SAXIGP0/HPC0_LPS_OCM from address space /axi_dma_0/Data_S2MM.
Excluding slave segment /zynq_ultra_ps_e_0/SAXIGP0/HPC0_DDR_HIGH from address space /axi_dma_0/Data_S2MM.
Excluding slave segment /zynq_ultra_ps_e_0/SAXIGP0/HPC0_LPS_OCM from address space /axi_dma_0/Data_S2MM.
INFO: [BD 5-943] Reserving offset range <0x0000_0000 [ 2G ]> from slave interface '/axi_smc/S00_AXI' to master interface '/axi_smc/M00_AXI'. This will be used by smartconnect on path for routing.
INFO: [BD 5-943] Reserving offset range <0xC000_0000 [ 512M ]> from slave interface '/axi_smc/S00_AXI' to master interface '/axi_smc/M00_AXI'. This will be used by smartconnect on path for routing.
INFO: [xilinx.com:ip:smartconnect:1.0-1] design_1_axi_smc_0: SmartConnect design_1_axi_smc_0 is in High-performance Mode.
INFO: [Ipptcl 7-1463] No Compatible Board Interface found. Board Tab not created in customize GUI
Excluding slave segment /zynq_ultra_ps_e_0/SAXIGP0/HPC0_DDR_HIGH from address space /axi_dma_0/Data_S2MM.
Excluding slave segment /zynq_ultra_ps_e_0/SAXIGP0/HPC0_LPS_OCM from address space /axi_dma_0/Data_S2MM.
Excluding slave segment /zynq_ultra_ps_e_0/SAXIGP0/HPC0_DDR_HIGH from address space /axi_dma_0/Data_S2MM.
Excluding slave segment /zynq_ultra_ps_e_0/SAXIGP0/HPC0_LPS_OCM from address space /axi_dma_0/Data_S2MM.
Excluding slave segment /zynq_ultra_ps_e_0/SAXIGP0/HPC0_DDR_HIGH from address space /axi_dma_0/Data_S2MM.
Excluding slave segment /zynq_ultra_ps_e_0/SAXIGP0/HPC0_LPS_OCM from address space /axi_dma_0/Data_S2MM.
Excluding slave segment /zynq_ultra_ps_e_0/SAXIGP0/HPC0_DDR_HIGH from address space /axi_dma_0/Data_S2MM.
Excluding slave segment /zynq_ultra_ps_e_0/SAXIGP0/HPC0_LPS_OCM from address space /axi_dma_0/Data_S2MM.
WARNING: [BD 41-237] Bus Interface property AWUSER_WIDTH does not match between /zynq_ultra_ps_e_0/S_AXI_HPC0_FPD(1) and /axi_smc/M00_AXI(0)
WARNING: [BD 41-237] Bus Interface property ARUSER_WIDTH does not match between /zynq_ultra_ps_e_0/S_AXI_HPC0_FPD(1) and /axi_smc/M00_AXI(0)
WARNING: [BD 41-237] Bus Interface property AWUSER_WIDTH does not match between /ps8_0_axi_periph/s00_couplers/auto_ds/S_AXI(0) and /ps8_0_axi_periph/s00_mmu/M_AXI(16)
WARNING: [BD 41-237] Bus Interface property ARUSER_WIDTH does not match between /ps8_0_axi_periph/s00_couplers/auto_ds/S_AXI(0) and /ps8_0_axi_periph/s00_mmu/M_AXI(16)
WARNING: [BD 41-237] Bus Interface property AWUSER_WIDTH does not match between /ps8_0_axi_periph/s01_couplers/auto_ds/S_AXI(0) and /ps8_0_axi_periph/s01_mmu/M_AXI(16)
WARNING: [BD 41-237] Bus Interface property ARUSER_WIDTH does not match between /ps8_0_axi_periph/s01_couplers/auto_ds/S_AXI(0) and /ps8_0_axi_periph/s01_mmu/M_AXI(16)
Wrote  : <C:\Sadat_files\Academics\Current_Term\COMP3601\Project\project_repo\COMP3601_Project_Audio_tuner\Lab3.srcs\sources_1\bd\design_1\design_1.bd> 
Verilog Output written to : c:/Sadat_files/Academics/Current_Term/COMP3601/Project/project_repo/COMP3601_Project_Audio_tuner/Lab3.gen/sources_1/bd/design_1/synth/design_1.v
Verilog Output written to : c:/Sadat_files/Academics/Current_Term/COMP3601/Project/project_repo/COMP3601_Project_Audio_tuner/Lab3.gen/sources_1/bd/design_1/sim/design_1.v
Verilog Output written to : c:/Sadat_files/Academics/Current_Term/COMP3601/Project/project_repo/COMP3601_Project_Audio_tuner/Lab3.gen/sources_1/bd/design_1/hdl/design_1_wrapper.v
INFO: [xilinx.com:ip:zynq_ultra_ps_e:3.5-0] design_1_zynq_ultra_ps_e_0_0: 
Changes in your design (including the PCW configuration settings) are not automatically exported from Vivado to Amd's SDK, Petalinux or Yocto.
This is by design to avoid disrupting existing embedded development efforts. To have any changes of your design taking effect in the embedded software flow please export your
design by going through Vivado's main menu, click on File, then Export finally select Export Hardware, please ensure you click on the Include BitStream option.
The auto-generated HDF file is all you need to import in Amd's SDK, Petalinux or Yocto for your changes to be reflected in the Embedded Software Flow.
For more information, please consult PG201, section: Exporting PCW Settings to Embedded Software Flows
INFO: [PSU-0] Address Range of DDR (0x7ff00000 to 0x7fffffff) is reserved by PMU for internal purpose.
INFO: [BD 41-1029] Generation completed for the IP Integrator block zynq_ultra_ps_e_0 .
INFO: [BD 41-1029] Generation completed for the IP Integrator block axi_dma_0 .
INFO: [BD 41-1029] Generation completed for the IP Integrator block ps8_0_axi_periph/xbar .
Exporting to file c:/Sadat_files/Academics/Current_Term/COMP3601/Project/project_repo/COMP3601_Project_Audio_tuner/Lab3.gen/sources_1/bd/design_1/ip/design_1_axi_smc_0/bd_0/hw_handoff/design_1_axi_smc_0.hwh
Generated Hardware Definition File c:/Sadat_files/Academics/Current_Term/COMP3601/Project/project_repo/COMP3601_Project_Audio_tuner/Lab3.gen/sources_1/bd/design_1/ip/design_1_axi_smc_0/bd_0/synth/design_1_axi_smc_0.hwdef
INFO: [BD 41-1029] Generation completed for the IP Integrator block axi_smc .
INFO: [BD 41-1029] Generation completed for the IP Integrator block amplifier_pipeline_0 .
INFO: [BD 41-1029] Generation completed for the IP Integrator block ps8_0_axi_periph/s00_couplers/auto_ds .
INFO: [BD 41-1029] Generation completed for the IP Integrator block ps8_0_axi_periph/s00_couplers/auto_pc .
INFO: [BD 41-1029] Generation completed for the IP Integrator block ps8_0_axi_periph/s01_couplers/auto_ds .
INFO: [BD 41-1029] Generation completed for the IP Integrator block ps8_0_axi_periph/s01_couplers/auto_pc .
INFO: [BD 41-1029] Generation completed for the IP Integrator block ps8_0_axi_periph/s00_mmu .
INFO: [BD 41-1029] Generation completed for the IP Integrator block ps8_0_axi_periph/s01_mmu .
Exporting to file c:/Sadat_files/Academics/Current_Term/COMP3601/Project/project_repo/COMP3601_Project_Audio_tuner/Lab3.gen/sources_1/bd/design_1/hw_handoff/design_1.hwh
Generated Hardware Definition File c:/Sadat_files/Academics/Current_Term/COMP3601/Project/project_repo/COMP3601_Project_Audio_tuner/Lab3.gen/sources_1/bd/design_1/synth/design_1.hwdef
[Sun Nov 16 17:38:02 2025] Launched synth_1...
Run output will be captured here: C:/Sadat_files/Academics/Current_Term/COMP3601/Project/project_repo/COMP3601_Project_Audio_tuner/Lab3.runs/synth_1/runme.log
[Sun Nov 16 17:38:02 2025] Launched impl_1...
Run output will be captured here: C:/Sadat_files/Academics/Current_Term/COMP3601/Project/project_repo/COMP3601_Project_Audio_tuner/Lab3.runs/impl_1/runme.log
launch_runs: Time (s): cpu = 00:01:00 ; elapsed = 00:01:23 . Memory (MB): peak = 2433.426 ; gain = 429.797
ERROR: [Common 17-39] 'launch_runs' failed due to earlier errors.
assign_bd_address
INFO: [BD 41-3093] Triggering Legacy Auto Assign Algorithm
WARNING: [BD 41-1743] Cannot assign slave segment '/zynq_ultra_ps_e_0/SAXIGP0/HPC0_DDR_HIGH' into address space '/axi_dma_0/Data_MM2S' because no valid addressing path exists. The addressing path from slave segment '/zynq_ultra_ps_e_0/SAXIGP0/HPC0_DDR_HIGH' to address space '/axi_dma_0/Data_MM2S' terminates at master interface '/axi_dma_0/M_AXI_MM2S'. The apertures for this interface {<0x0_0000_0000 [ 4G ]>} do not intersect with previous path apertures {<0x8_0000_0000 [ 32G ]>}. This assignment will be automatically excluded.
Slave segment '/zynq_ultra_ps_e_0/SAXIGP0/HPC0_DDR_LOW' is being assigned into address space '/axi_dma_0/Data_MM2S' at <0x0000_0000 [ 2G ]>.
Slave segment '/zynq_ultra_ps_e_0/SAXIGP0/HPC0_QSPI' is being assigned into address space '/axi_dma_0/Data_MM2S' at <0xC000_0000 [ 512M ]>.
Slave segment '/amplifier_pipeline_0/s00_axi/reg0' is being assigned into address space '/zynq_ultra_ps_e_0/Data' at <0xA000_1000 [ 4K ]>.
Slave segment '/zynq_ultra_ps_e_0/SAXIGP0/HPC0_LPS_OCM' is being assigned into address space '/axi_dma_0/Data_MM2S' at <0xFF00_0000 [ 16M ]>.
WARNING: [BD 41-1051] Slave segment '/zynq_ultra_ps_e_0/SAXIGP0/HPC0_LPS_OCM' with 'register' usage does not match address space '/axi_dma_0/Data_MM2S' with 'memory' usage so will be excluded from this address space. Please use the 'include_bd_addr_seg' command to override this precaution if required.
Excluding slave segment /zynq_ultra_ps_e_0/SAXIGP0/HPC0_LPS_OCM from address space /axi_dma_0/Data_MM2S.
Excluding slave segment /zynq_ultra_ps_e_0/SAXIGP0/HPC0_DDR_HIGH from address space /axi_dma_0/Data_MM2S.
validate_bd_design
WARNING: [BD 41-1629] Slave segment </zynq_ultra_ps_e_0/SAXIGP0/HPC0_DDR_HIGH> is excluded from all addressing paths.
WARNING: [BD 41-1629] Slave segment </zynq_ultra_ps_e_0/SAXIGP0/HPC0_LPS_OCM> is excluded from all addressing paths.
Excluding slave segment /zynq_ultra_ps_e_0/SAXIGP0/HPC0_DDR_HIGH from address space /axi_dma_0/Data_MM2S.
Excluding slave segment /zynq_ultra_ps_e_0/SAXIGP0/HPC0_DDR_HIGH from address space /axi_dma_0/Data_S2MM.
Excluding slave segment /zynq_ultra_ps_e_0/SAXIGP0/HPC0_LPS_OCM from address space /axi_dma_0/Data_MM2S.
Excluding slave segment /zynq_ultra_ps_e_0/SAXIGP0/HPC0_LPS_OCM from address space /axi_dma_0/Data_S2MM.
INFO: [BD 5-943] Reserving offset range <0x0000_0000 [ 2G ]> from slave interface '/axi_smc/S00_AXI' to master interface '/axi_smc/M00_AXI'. This will be used by smartconnect on path for routing.
INFO: [BD 5-943] Reserving offset range <0xC000_0000 [ 512M ]> from slave interface '/axi_smc/S00_AXI' to master interface '/axi_smc/M00_AXI'. This will be used by smartconnect on path for routing.
INFO: [BD 5-943] Reserving offset range <0x0000_0000 [ 2G ]> from slave interface '/axi_smc/S01_AXI' to master interface '/axi_smc/M00_AXI'. This will be used by smartconnect on path for routing.
INFO: [BD 5-943] Reserving offset range <0xC000_0000 [ 512M ]> from slave interface '/axi_smc/S01_AXI' to master interface '/axi_smc/M00_AXI'. This will be used by smartconnect on path for routing.
INFO: [xilinx.com:ip:smartconnect:1.0-1] design_1_axi_smc_0: SmartConnect design_1_axi_smc_0 is in High-performance Mode.
INFO: [Ipptcl 7-1463] No Compatible Board Interface found. Board Tab not created in customize GUI
WARNING: [BD 41-237] Bus Interface property AWUSER_WIDTH does not match between /ps8_0_axi_periph/s00_couplers/auto_ds/S_AXI(0) and /zynq_ultra_ps_e_0/M_AXI_HPM0_FPD(16)
WARNING: [BD 41-237] Bus Interface property ARUSER_WIDTH does not match between /ps8_0_axi_periph/s00_couplers/auto_ds/S_AXI(0) and /zynq_ultra_ps_e_0/M_AXI_HPM0_FPD(16)
WARNING: [BD 41-237] Bus Interface property AWUSER_WIDTH does not match between /ps8_0_axi_periph/s01_couplers/auto_ds/S_AXI(0) and /zynq_ultra_ps_e_0/M_AXI_HPM1_FPD(16)
WARNING: [BD 41-237] Bus Interface property ARUSER_WIDTH does not match between /ps8_0_axi_periph/s01_couplers/auto_ds/S_AXI(0) and /zynq_ultra_ps_e_0/M_AXI_HPM1_FPD(16)
WARNING: [BD 41-237] Bus Interface property AWUSER_WIDTH does not match between /zynq_ultra_ps_e_0/S_AXI_HPC0_FPD(1) and /axi_smc/M00_AXI(0)
WARNING: [BD 41-237] Bus Interface property ARUSER_WIDTH does not match between /zynq_ultra_ps_e_0/S_AXI_HPC0_FPD(1) and /axi_smc/M00_AXI(0)
validate_bd_design: Time (s): cpu = 00:00:04 ; elapsed = 00:00:05 . Memory (MB): peak = 2433.426 ; gain = 0.000
generate_target all [get_files  C:/Sadat_files/Academics/Current_Term/COMP3601/Project/project_repo/COMP3601_Project_Audio_tuner/Lab3.srcs/sources_1/bd/design_1/design_1.bd]
INFO: [BD 41-1662] The design 'design_1.bd' is already validated. Therefore parameter propagation will not be re-run.
Wrote  : <C:\Sadat_files\Academics\Current_Term\COMP3601\Project\project_repo\COMP3601_Project_Audio_tuner\Lab3.srcs\sources_1\bd\design_1\design_1.bd> 
Verilog Output written to : c:/Sadat_files/Academics/Current_Term/COMP3601/Project/project_repo/COMP3601_Project_Audio_tuner/Lab3.gen/sources_1/bd/design_1/synth/design_1.v
Verilog Output written to : c:/Sadat_files/Academics/Current_Term/COMP3601/Project/project_repo/COMP3601_Project_Audio_tuner/Lab3.gen/sources_1/bd/design_1/sim/design_1.v
Verilog Output written to : c:/Sadat_files/Academics/Current_Term/COMP3601/Project/project_repo/COMP3601_Project_Audio_tuner/Lab3.gen/sources_1/bd/design_1/hdl/design_1_wrapper.v
INFO: [IP_Flow 19-5611] Unable to find an associated reset port for the interface 'M_AXI_HPM0_FPD'. A default connection has been created.
INFO: [IP_Flow 19-5611] Unable to find an associated reset port for the interface 'M_AXI_HPM1_FPD'. A default connection has been created.
INFO: [IP_Flow 19-5611] Unable to find an associated reset port for the interface 'S_AXI_HPC0_FPD'. A default connection has been created.
INFO: [BD 41-1029] Generation completed for the IP Integrator block zynq_ultra_ps_e_0 .
INFO: [BD 41-1029] Generation completed for the IP Integrator block axi_dma_0 .
INFO: [BD 41-1029] Generation completed for the IP Integrator block ps8_0_axi_periph/xbar .
Exporting to file c:/Sadat_files/Academics/Current_Term/COMP3601/Project/project_repo/COMP3601_Project_Audio_tuner/Lab3.gen/sources_1/bd/design_1/ip/design_1_axi_smc_0/bd_0/hw_handoff/design_1_axi_smc_0.hwh
Generated Hardware Definition File c:/Sadat_files/Academics/Current_Term/COMP3601/Project/project_repo/COMP3601_Project_Audio_tuner/Lab3.gen/sources_1/bd/design_1/ip/design_1_axi_smc_0/bd_0/synth/design_1_axi_smc_0.hwdef
INFO: [BD 41-1029] Generation completed for the IP Integrator block axi_smc .
INFO: [BD 41-1029] Generation completed for the IP Integrator block amplifier_pipeline_0 .
INFO: [IP_Flow 19-5611] Unable to find an associated reset port for the interface 'S_AXI'. A default connection has been created.
INFO: [IP_Flow 19-5611] Unable to find an associated reset port for the interface 'M_AXI'. A default connection has been created.
INFO: [BD 41-1029] Generation completed for the IP Integrator block ps8_0_axi_periph/s00_couplers/auto_ds .
INFO: [BD 41-1029] Generation completed for the IP Integrator block ps8_0_axi_periph/s00_couplers/auto_pc .
INFO: [IP_Flow 19-5611] Unable to find an associated reset port for the interface 'S_AXI'. A default connection has been created.
INFO: [IP_Flow 19-5611] Unable to find an associated reset port for the interface 'M_AXI'. A default connection has been created.
INFO: [BD 41-1029] Generation completed for the IP Integrator block ps8_0_axi_periph/s01_couplers/auto_ds .
INFO: [BD 41-1029] Generation completed for the IP Integrator block ps8_0_axi_periph/s01_couplers/auto_pc .
Exporting to file c:/Sadat_files/Academics/Current_Term/COMP3601/Project/project_repo/COMP3601_Project_Audio_tuner/Lab3.gen/sources_1/bd/design_1/hw_handoff/design_1.hwh
Generated Hardware Definition File c:/Sadat_files/Academics/Current_Term/COMP3601/Project/project_repo/COMP3601_Project_Audio_tuner/Lab3.gen/sources_1/bd/design_1/synth/design_1.hwdef
generate_target: Time (s): cpu = 00:00:10 ; elapsed = 00:00:11 . Memory (MB): peak = 2433.426 ; gain = 0.000
export_ip_user_files -of_objects [get_files C:/Sadat_files/Academics/Current_Term/COMP3601/Project/project_repo/COMP3601_Project_Audio_tuner/Lab3.srcs/sources_1/bd/design_1/design_1.bd] -no_script -sync -force -quiet
export_simulation -of_objects [get_files C:/Sadat_files/Academics/Current_Term/COMP3601/Project/project_repo/COMP3601_Project_Audio_tuner/Lab3.srcs/sources_1/bd/design_1/design_1.bd] -directory C:/Sadat_files/Academics/Current_Term/COMP3601/Project/project_repo/COMP3601_Project_Audio_tuner/Lab3.ip_user_files/sim_scripts -ip_user_files_dir C:/Sadat_files/Academics/Current_Term/COMP3601/Project/project_repo/COMP3601_Project_Audio_tuner/Lab3.ip_user_files -ipstatic_source_dir C:/Sadat_files/Academics/Current_Term/COMP3601/Project/project_repo/COMP3601_Project_Audio_tuner/Lab3.ip_user_files/ipstatic -lib_map_path [list {modelsim=C:/Sadat_files/Academics/Current_Term/COMP3601/Project/project_repo/COMP3601_Project_Audio_tuner/Lab3.cache/compile_simlib/modelsim} {questa=C:/Sadat_files/Academics/Current_Term/COMP3601/Project/project_repo/COMP3601_Project_Audio_tuner/Lab3.cache/compile_simlib/questa} {riviera=C:/Sadat_files/Academics/Current_Term/COMP3601/Project/project_repo/COMP3601_Project_Audio_tuner/Lab3.cache/compile_simlib/riviera} {activehdl=C:/Sadat_files/Academics/Current_Term/COMP3601/Project/project_repo/COMP3601_Project_Audio_tuner/Lab3.cache/compile_simlib/activehdl}] -use_ip_compiled_libs -force -quiet
WARNING: [filemgmt 56-199] Attempt to get parsing info during refresh. "On-the-fly" syntax checking information may be incorrect. [C:\Sadat_files\Academics\Current_Term\COMP3601\Project\project_repo\COMP3601_Project_Audio_tuner\Lab3.srcs\sources_1\new\amplifier_pipeline.v:]
WARNING: [filemgmt 56-199] Attempt to get parsing info during refresh. "On-the-fly" syntax checking information may be incorrect. [C:\Sadat_files\Academics\Current_Term\COMP3601\Project\project_repo\COMP3601_Project_Audio_tuner\Lab3.srcs\sources_1\new\i2s_transmitter.vhd:]
WARNING: [filemgmt 56-199] Attempt to get parsing info during refresh. "On-the-fly" syntax checking information may be incorrect. [C:\Sadat_files\Academics\Current_Term\COMP3601\Project\project_repo\COMP3601_Project_Audio_tuner\Lab3.srcs\sources_1\new\i2s_transmitter.v:]
WARNING: [filemgmt 56-199] Attempt to get parsing info during refresh. "On-the-fly" syntax checking information may be incorrect. [C:\Sadat_files\Academics\Current_Term\COMP3601\Project\project_repo\COMP3601_Project_Audio_tuner\Lab3.srcs\sources_1\new\amplifier_pipeline.vhd:]
WARNING: [filemgmt 56-199] Attempt to get parsing info during refresh. "On-the-fly" syntax checking information may be incorrect. [C:\Sadat_files\Academics\Current_Term\COMP3601\Project\project_repo\COMP3601_Project_Audio_tuner\Lab3.srcs\sources_1\new\i2s_transmitter.vhd:]
WARNING: [filemgmt 56-199] Attempt to get parsing info during refresh. "On-the-fly" syntax checking information may be incorrect. [C:\Sadat_files\Academics\Current_Term\COMP3601\Project\project_repo\COMP3601_Project_Audio_tuner\Lab3.srcs\sources_1\new\i2s_transmitter.vhd:]
ERROR: [Common 17-180] Spawn failed: No such file or directory
make_wrapper -files [get_files C:/Sadat_files/Academics/Current_Term/COMP3601/Project/project_repo/COMP3601_Project_Audio_tuner/Lab3.srcs/sources_1/bd/design_1/design_1.bd] -top
reset_run synth_1
launch_runs synth_1 -jobs 6
[Sun Nov 16 17:39:48 2025] Launched synth_1...
Run output will be captured here: C:/Sadat_files/Academics/Current_Term/COMP3601/Project/project_repo/COMP3601_Project_Audio_tuner/Lab3.runs/synth_1/runme.log
launch_runs impl_1 -jobs 6
[Sun Nov 16 17:44:34 2025] Launched impl_1...
Run output will be captured here: C:/Sadat_files/Academics/Current_Term/COMP3601/Project/project_repo/COMP3601_Project_Audio_tuner/Lab3.runs/impl_1/runme.log
launch_runs impl_1 -to_step write_bitstream -jobs 6
[Sun Nov 16 17:53:28 2025] Launched impl_1...
Run output will be captured here: C:/Sadat_files/Academics/Current_Term/COMP3601/Project/project_repo/COMP3601_Project_Audio_tuner/Lab3.runs/impl_1/runme.log
write_hw_platform -fixed -include_bit -force -file C:/Sadat_files/Academics/Current_Term/COMP3601/Project/project_repo/COMP3601_Project_Audio_tuner/speaker_wrapper.xsa
INFO: [Project 1-1918] Creating Hardware Platform: C:/Sadat_files/Academics/Current_Term/COMP3601/Project/project_repo/COMP3601_Project_Audio_tuner/speaker_wrapper.xsa ...
INFO: [Project 1-1943] The Hardware Platform can be used for Hardware
INFO: [Project 1-1941] Successfully created Hardware Platform: C:/Sadat_files/Academics/Current_Term/COMP3601/Project/project_repo/COMP3601_Project_Audio_tuner/speaker_wrapper.xsa
INFO: [Hsi 55-2053] elapsed time for repository (C:/Xilinx/Vivado/2024.1/data/embeddedsw) loading 1 seconds
write_hw_platform: Time (s): cpu = 00:00:07 ; elapsed = 00:00:08 . Memory (MB): peak = 2475.906 ; gain = 42.480
exit
INFO: [Common 17-206] Exiting Vivado at Sun Nov 16 18:10:28 2025...
