Nothing to build in platform 'kv260_lab3_platform'

12:16:32 **** Build of configuration Debug for project audio_tuner ****
make all 
'Building file: ../src/Yin.c'
'Invoking: ARM v8 gcc compiler'
aarch64-none-elf-gcc -Wall -O0 -g3 -c -fmessage-length=0 -MT"src/Yin.o" -IC:/Sadat_files/Academics/Current_Term/COMP3601/Project/project_repo/COMP3601_Project_Audio_tuner/kv260_lab3_platform/export/kv260_lab3_platform/sw/kv260_lab3_platform/standalone_domain/bspinclude/include -MMD -MP -MF"src/Yin.d" -MT"src/Yin.o" -o "src/Yin.o" "../src/Yin.c"
'Finished building: ../src/Yin.c'
' '
'Building file: ../src/helloworld.c'
'Invoking: ARM v8 gcc compiler'
aarch64-none-elf-gcc -Wall -O0 -g3 -c -fmessage-length=0 -MT"src/helloworld.o" -IC:/Sadat_files/Academics/Current_Term/COMP3601/Project/project_repo/COMP3601_Project_Audio_tuner/kv260_lab3_platform/export/kv260_lab3_platform/sw/kv260_lab3_platform/standalone_domain/bspinclude/include -MMD -MP -MF"src/helloworld.d" -MT"src/helloworld.o" -o "src/helloworld.o" "../src/helloworld.c"
../src/helloworld.c: In function 'main':
../src/helloworld.c:1028:29: warning: variable 'first_status' set but not used [-Wunused-but-set-variable]
 1028 |                         int first_status    = 0;
      |                             ^~~~~~~~~~~~
../src/helloworld.c:1027:29: warning: variable 'first_sr_after' set but not used [-Wunused-but-set-variable]
 1027 |                         u32 first_sr_after  = 0;
      |                             ^~~~~~~~~~~~~~
../src/helloworld.c:1026:29: warning: variable 'first_sr_before' set but not used [-Wunused-but-set-variable]
 1026 |                         u32 first_sr_before = 0;
      |                             ^~~~~~~~~~~~~~~
../src/helloworld.c:638:22: warning: variable 'reference_pitch' set but not used [-Wunused-but-set-variable]
  638 |         static float reference_pitch;
      |                      ^~~~~~~~~~~~~~~
'Finished building: ../src/helloworld.c'
' '
'Building file: ../src/phase_voc.c'
'Invoking: ARM v8 gcc compiler'
aarch64-none-elf-gcc -Wall -O0 -g3 -c -fmessage-length=0 -MT"src/phase_voc.o" -IC:/Sadat_files/Academics/Current_Term/COMP3601/Project/project_repo/COMP3601_Project_Audio_tuner/kv260_lab3_platform/export/kv260_lab3_platform/sw/kv260_lab3_platform/standalone_domain/bspinclude/include -MMD -MP -MF"src/phase_voc.d" -MT"src/phase_voc.o" -o "src/phase_voc.o" "../src/phase_voc.c"
'Finished building: ../src/phase_voc.c'
' '
'Building file: ../src/platform.c'
'Invoking: ARM v8 gcc compiler'
aarch64-none-elf-gcc -Wall -O0 -g3 -c -fmessage-length=0 -MT"src/platform.o" -IC:/Sadat_files/Academics/Current_Term/COMP3601/Project/project_repo/COMP3601_Project_Audio_tuner/kv260_lab3_platform/export/kv260_lab3_platform/sw/kv260_lab3_platform/standalone_domain/bspinclude/include -MMD -MP -MF"src/platform.d" -MT"src/platform.o" -o "src/platform.o" "../src/platform.c"
'Finished building: ../src/platform.c'
' '
'Building file: ../src/wav_pitch_detection.c'
'Invoking: ARM v8 gcc compiler'
aarch64-none-elf-gcc -Wall -O0 -g3 -c -fmessage-length=0 -MT"src/wav_pitch_detection.o" -IC:/Sadat_files/Academics/Current_Term/COMP3601/Project/project_repo/COMP3601_Project_Audio_tuner/kv260_lab3_platform/export/kv260_lab3_platform/sw/kv260_lab3_platform/standalone_domain/bspinclude/include -MMD -MP -MF"src/wav_pitch_detection.d" -MT"src/wav_pitch_detection.o" -o "src/wav_pitch_detection.o" "../src/wav_pitch_detection.c"
'Finished building: ../src/wav_pitch_detection.c'
' '
'Building target: audio_tuner.elf'
'Invoking: ARM v8 gcc linker'
aarch64-none-elf-gcc -Wl,-T -Wl,../src/lscript.ld -LC:/Sadat_files/Academics/Current_Term/COMP3601/Project/project_repo/COMP3601_Project_Audio_tuner/kv260_lab3_platform/export/kv260_lab3_platform/sw/kv260_lab3_platform/standalone_domain/bsplib/lib -o "audio_tuner.elf"  ./src/Yin.o ./src/helloworld.o ./src/phase_voc.o ./src/platform.o ./src/wav_pitch_detection.o   -lm -Wl,--start-group,-lxil,-lgcc,-lc,--end-group -Wl,--start-group,-lxilffs,-lxil,-lgcc,-lc,--end-group -Wl,--start-group,-lxilpm,-lxil,-lgcc,-lc,--end-group
'Finished building target: audio_tuner.elf'
' '
'Invoking: ARM v8 Print Size'
aarch64-none-elf-size audio_tuner.elf  |tee "audio_tuner.elf.size"
   text	   data	    bss	    dec	    hex	filename
 193096	   4864	2119764	2317724	 235d9c	audio_tuner.elf
'Finished building: audio_tuner.elf.size'
' '
12:16:37 **** Build of configuration Debug for project audio_tuner_system ****
make all 
Generating bif file for the system project
generate_system_bif.bat 50153 C:/Sadat_files/Academics/Current_Term/COMP3601/Project/project_repo/COMP3601_Project_Audio_tuner/kv260_lab3_platform/export/kv260_lab3_platform/kv260_lab3_platform.xpfm standalone_domain C:/Sadat_files/Academics/Current_Term/COMP3601/Project/project_repo/COMP3601_Project_Audio_tuner/audio_tuner_system/Debug/system.bif
'\gnu\microblaze\lin\bin\' is not recognized as an internal or external command,
operable program or batch file.
'\gnu\microblaze\nt\bin\' is not recognized as an internal or external command,
operable program or batch file.
'\gnuwin\bin\' is not recognized as an internal or external command,
operable program or batch file.
sdcard_gen --xpfm C:/Sadat_files/Academics/Current_Term/COMP3601/Project/project_repo/COMP3601_Project_Audio_tuner/kv260_lab3_platform/export/kv260_lab3_platform/kv260_lab3_platform.xpfm --sys_config kv260_lab3_platform --bif C:/Sadat_files/Academics/Current_Term/COMP3601/Project/project_repo/COMP3601_Project_Audio_tuner/audio_tuner_system/Debug/system.bif --bitstream C:/Sadat_files/Academics/Current_Term/COMP3601/Project/project_repo/COMP3601_Project_Audio_tuner/audio_tuner/_ide/bitstream/speaker_2_wrapper.bit --elf C:/Sadat_files/Academics/Current_Term/COMP3601/Project/project_repo/COMP3601_Project_Audio_tuner/audio_tuner/Debug/audio_tuner.elf,psu_cortexa53_0
creating BOOT.BIN using C:/Sadat_files/Academics/Current_Term/COMP3601/Project/project_repo/COMP3601_Project_Audio_tuner/audio_tuner/_ide/bitstream/speaker_2_wrapper.bit
Running C:/Xilinx/Vitis/2024.1/bin/bootgen -arch zynqmp -image C:/Sadat_files/Academics/Current_Term/COMP3601/Project/project_repo/COMP3601_Project_Audio_tuner/audio_tuner_system/Debug/sd_card_temp/boot.bif -w -o i BOOT.BIN
