Nothing to build in platform 'kv260_lab3_platform'

06:07:10 **** Incremental Build of configuration Debug for project kv260_lab3 ****
make all 
Building file: ../src/helloworld.c
Invoking: ARM v8 gcc compiler
aarch64-none-elf-gcc -Wall -O0 -g3 -c -fmessage-length=0 -MT"src/helloworld.o" -I/home/benh/Desktop/comp3601_labs/COMP3601_Project_Audio_tuner/kv260_lab3_platform/export/kv260_lab3_platform/sw/kv260_lab3_platform/standalone_domain/bspinclude/include -MMD -MP -MF"src/helloworld.d" -MT"src/helloworld.o" -o "src/helloworld.o" "../src/helloworld.c"
../src/helloworld.c: In function 'main':
../src/helloworld.c:190:55: warning: '.wav' directive output may be truncated writing 4 bytes into a region of size between 2 and 9 [-Wformat-truncation=]
  190 |         snprintf(filename, sizeof(filename), "rec_%03d.wav", num_files);
      |                                                       ^~~~
../src/helloworld.c:190:9: note: 'snprintf' output between 12 and 19 bytes into a destination of size 16
  190 |         snprintf(filename, sizeof(filename), "rec_%03d.wav", num_files);
      |         ^~~~~~~~~~~~~~~~~~~~~~~~~~~~~~~~~~~~~~~~~~~~~~~~~~~~~~~~~~~~~~~
Finished building: ../src/helloworld.c
 
Building file: ../src/platform.c
Invoking: ARM v8 gcc compiler
aarch64-none-elf-gcc -Wall -O0 -g3 -c -fmessage-length=0 -MT"src/platform.o" -I/home/benh/Desktop/comp3601_labs/COMP3601_Project_Audio_tuner/kv260_lab3_platform/export/kv260_lab3_platform/sw/kv260_lab3_platform/standalone_domain/bspinclude/include -MMD -MP -MF"src/platform.d" -MT"src/platform.o" -o "src/platform.o" "../src/platform.c"
Finished building: ../src/platform.c
 
Building target: kv260_lab3.elf
Invoking: ARM v8 gcc linker
aarch64-none-elf-gcc -Wl,-T -Wl,../src/lscript.ld -L/home/benh/Desktop/comp3601_labs/COMP3601_Project_Audio_tuner/kv260_lab3_platform/export/kv260_lab3_platform/sw/kv260_lab3_platform/standalone_domain/bsplib/lib -o "kv260_lab3.elf" ./src/helloworld.o ./src/platform.o   -Wl,--start-group,-lxil,-lgcc,-lc,--end-group -Wl,--start-group,-lxilffs,-lxil,-lgcc,-lc,--end-group -Wl,--start-group,-lxiltimer,-lxil,-lgcc,-lc,--end-group
Finished building target: kv260_lab3.elf
 
Invoking: ARM v8 Print Size
aarch64-none-elf-size kv260_lab3.elf  |tee "kv260_lab3.elf.size"
   text	   data	    bss	    dec	    hex	filename
 143284	   4848	  28740	 176872	  2b2e8	kv260_lab3.elf
Finished building: kv260_lab3.elf.size
 
06:07:11 **** Incremental Build of configuration Debug for project kv260_lab3_system ****
make all 
Generating bif file for the system project
Executing command '::scw::generate_bif -xpfm /home/benh/Desktop/comp3601_labs/COMP3601_Project_Audio_tuner/kv260_lab3_platform/export/kv260_lab3_platform/kv260_lab3_platform.xpfm -domains standalone_domain -bifpath /home/benh/Desktop/comp3601_labs/COMP3601_Project_Audio_tuner/kv260_lab3_system/Debug/system.bif' on XSCT
sdcard_gen --xpfm /home/benh/Desktop/comp3601_labs/COMP3601_Project_Audio_tuner/kv260_lab3_platform/export/kv260_lab3_platform/kv260_lab3_platform.xpfm --sys_config kv260_lab3_platform --bif /home/benh/Desktop/comp3601_labs/COMP3601_Project_Audio_tuner/kv260_lab3_system/Debug/system.bif --bitstream /home/benh/Desktop/comp3601_labs/COMP3601_Project_Audio_tuner/kv260_lab3/_ide/bitstream/v2.0.bit --elf /home/benh/Desktop/comp3601_labs/COMP3601_Project_Audio_tuner/kv260_lab3/Debug/kv260_lab3.elf,psu_cortexa53_0
creating BOOT.BIN using /home/benh/Desktop/comp3601_labs/COMP3601_Project_Audio_tuner/kv260_lab3/_ide/bitstream/v2.0.bit
Running /tools/Xilinx/Vitis/2024.1/bin/bootgen -arch zynqmp -image /home/benh/Desktop/comp3601_labs/COMP3601_Project_Audio_tuner/kv260_lab3_system/Debug/sd_card_temp/boot.bif -w -o i BOOT.BIN
