#-----------------------------------------------------------
# Vivado v2024.1 (64-bit)
# SW Build 5076996 on Wed May 22 18:37:14 MDT 2024
# IP Build 5075265 on Wed May 22 21:45:21 MDT 2024
# SharedData Build 5076995 on Wed May 22 18:29:18 MDT 2024
# Start of session at: Wed Nov  5 12:21:32 2025
# Process ID: 57400
# Current directory: C:/Sadat_files/Current_Term/COMP3601/Lab_3/Lab3/Lab3.runs/synth_1
# Command line: vivado.exe -log design_1_wrapper.vds -product Vivado -mode batch -messageDb vivado.pb -notrace -source design_1_wrapper.tcl
# Log file: C:/Sadat_files/Current_Term/COMP3601/Lab_3/Lab3/Lab3.runs/synth_1/design_1_wrapper.vds
# Journal file: C:/Sadat_files/Current_Term/COMP3601/Lab_3/Lab3/Lab3.runs/synth_1\vivado.jou
# Running On        :S-K
# Platform          :Windows Server 2016 or Windows 10
# Operating System  :26100
# Processor Detail  :AMD Ryzen 5 5600H with Radeon Graphics         
# CPU Frequency     :3294 MHz
# CPU Physical cores:6
# CPU Logical cores :12
# Host memory       :14877 MB
# Swap memory       :20355 MB
# Total Virtual     :35232 MB
# Available Virtual :2080 MB
#-----------------------------------------------------------
source design_1_wrapper.tcl -notrace
